Analysis & Synthesis report for Dunna
Tue Jun 09 16:41:23 2015
Quartus II 64-Bit Version 12.1 Build 243 01/31/2013 Service Pack 1 SJ Web Edition


---------------------
; Table of Contents ;
---------------------
  1. Legal Notice
  2. Analysis & Synthesis Summary
  3. Analysis & Synthesis Settings
  4. Parallel Compilation
  5. Analysis & Synthesis Messages
  6. Analysis & Synthesis Suppressed Messages



----------------
; Legal Notice ;
----------------
Copyright (C) 1991-2012 Altera Corporation
Your use of Altera Corporation's design tools, logic functions 
and other software and tools, and its AMPP partner logic 
functions, and any output files from any of the foregoing 
(including device programming or simulation files), and any 
associated documentation or information are expressly subject 
to the terms and conditions of the Altera Program License 
Subscription Agreement, Altera MegaCore Function License 
Agreement, or other applicable license agreement, including, 
without limitation, that your use is for the sole purpose of 
programming logic devices manufactured by Altera and sold by 
Altera or its authorized distributors.  Please refer to the 
applicable agreement for further details.



+------------------------------------------------------------------------------------+
; Analysis & Synthesis Summary                                                       ;
+------------------------------------+-----------------------------------------------+
; Analysis & Synthesis Status        ; Failed - Tue Jun 09 16:41:23 2015             ;
; Quartus II 64-Bit Version          ; 12.1 Build 243 01/31/2013 SP 1 SJ Web Edition ;
; Revision Name                      ; Dunna                                         ;
; Top-level Entity Name              ; palaplaca                                     ;
; Family                             ; Cyclone II                                    ;
; Total logic elements               ; N/A until Partition Merge                     ;
;     Total combinational functions  ; N/A until Partition Merge                     ;
;     Dedicated logic registers      ; N/A until Partition Merge                     ;
; Total registers                    ; N/A until Partition Merge                     ;
; Total pins                         ; N/A until Partition Merge                     ;
; Total virtual pins                 ; N/A until Partition Merge                     ;
; Total memory bits                  ; N/A until Partition Merge                     ;
; Embedded Multiplier 9-bit elements ; N/A until Partition Merge                     ;
; Total PLLs                         ; N/A until Partition Merge                     ;
+------------------------------------+-----------------------------------------------+


+----------------------------------------------------------------------------------------------------------------------+
; Analysis & Synthesis Settings                                                                                        ;
+----------------------------------------------------------------------------+--------------------+--------------------+
; Option                                                                     ; Setting            ; Default Value      ;
+----------------------------------------------------------------------------+--------------------+--------------------+
; Device                                                                     ; EP2C20F484C7       ;                    ;
; Top-level entity name                                                      ; palaplaca          ; Dunna              ;
; Family name                                                                ; Cyclone II         ; Cyclone IV GX      ;
; Use smart compilation                                                      ; Off                ; Off                ;
; Enable parallel Assembler and TimeQuest Timing Analyzer during compilation ; On                 ; On                 ;
; Enable compact report table                                                ; Off                ; Off                ;
; Restructure Multiplexers                                                   ; Auto               ; Auto               ;
; Create Debugging Nodes for IP Cores                                        ; Off                ; Off                ;
; Preserve fewer node names                                                  ; On                 ; On                 ;
; Disable OpenCore Plus hardware evaluation                                  ; Off                ; Off                ;
; Verilog Version                                                            ; Verilog_2001       ; Verilog_2001       ;
; VHDL Version                                                               ; VHDL_1993          ; VHDL_1993          ;
; State Machine Processing                                                   ; Auto               ; Auto               ;
; Safe State Machine                                                         ; Off                ; Off                ;
; Extract Verilog State Machines                                             ; On                 ; On                 ;
; Extract VHDL State Machines                                                ; On                 ; On                 ;
; Ignore Verilog initial constructs                                          ; Off                ; Off                ;
; Iteration limit for constant Verilog loops                                 ; 5000               ; 5000               ;
; Iteration limit for non-constant Verilog loops                             ; 250                ; 250                ;
; Add Pass-Through Logic to Inferred RAMs                                    ; On                 ; On                 ;
; Infer RAMs from Raw Logic                                                  ; On                 ; On                 ;
; Parallel Synthesis                                                         ; On                 ; On                 ;
; DSP Block Balancing                                                        ; Auto               ; Auto               ;
; NOT Gate Push-Back                                                         ; On                 ; On                 ;
; Power-Up Don't Care                                                        ; On                 ; On                 ;
; Remove Redundant Logic Cells                                               ; Off                ; Off                ;
; Remove Duplicate Registers                                                 ; On                 ; On                 ;
; Ignore CARRY Buffers                                                       ; Off                ; Off                ;
; Ignore CASCADE Buffers                                                     ; Off                ; Off                ;
; Ignore GLOBAL Buffers                                                      ; Off                ; Off                ;
; Ignore ROW GLOBAL Buffers                                                  ; Off                ; Off                ;
; Ignore LCELL Buffers                                                       ; Off                ; Off                ;
; Ignore SOFT Buffers                                                        ; On                 ; On                 ;
; Limit AHDL Integers to 32 Bits                                             ; Off                ; Off                ;
; Optimization Technique                                                     ; Balanced           ; Balanced           ;
; Carry Chain Length                                                         ; 70                 ; 70                 ;
; Auto Carry Chains                                                          ; On                 ; On                 ;
; Auto Open-Drain Pins                                                       ; On                 ; On                 ;
; Perform WYSIWYG Primitive Resynthesis                                      ; Off                ; Off                ;
; Auto ROM Replacement                                                       ; On                 ; On                 ;
; Auto RAM Replacement                                                       ; On                 ; On                 ;
; Auto Shift Register Replacement                                            ; Auto               ; Auto               ;
; Allow Shift Register Merging across Hierarchies                            ; Auto               ; Auto               ;
; Auto Clock Enable Replacement                                              ; On                 ; On                 ;
; Strict RAM Replacement                                                     ; Off                ; Off                ;
; Allow Synchronous Control Signals                                          ; On                 ; On                 ;
; Force Use of Synchronous Clear Signals                                     ; Off                ; Off                ;
; Auto RAM to Logic Cell Conversion                                          ; Off                ; Off                ;
; Auto Resource Sharing                                                      ; Off                ; Off                ;
; Allow Any RAM Size For Recognition                                         ; Off                ; Off                ;
; Allow Any ROM Size For Recognition                                         ; Off                ; Off                ;
; Allow Any Shift Register Size For Recognition                              ; Off                ; Off                ;
; Use LogicLock Constraints during Resource Balancing                        ; On                 ; On                 ;
; Ignore translate_off and synthesis_off directives                          ; Off                ; Off                ;
; Timing-Driven Synthesis                                                    ; Off                ; Off                ;
; Report Parameter Settings                                                  ; On                 ; On                 ;
; Report Source Assignments                                                  ; On                 ; On                 ;
; Report Connectivity Checks                                                 ; On                 ; On                 ;
; Ignore Maximum Fan-Out Assignments                                         ; Off                ; Off                ;
; Synchronization Register Chain Length                                      ; 2                  ; 2                  ;
; PowerPlay Power Optimization                                               ; Normal compilation ; Normal compilation ;
; HDL message level                                                          ; Level2             ; Level2             ;
; Suppress Register Optimization Related Messages                            ; Off                ; Off                ;
; Number of Removed Registers Reported in Synthesis Report                   ; 5000               ; 5000               ;
; Number of Swept Nodes Reported in Synthesis Report                         ; 5000               ; 5000               ;
; Number of Inverted Registers Reported in Synthesis Report                  ; 100                ; 100                ;
; Clock MUX Protection                                                       ; On                 ; On                 ;
; Auto Gated Clock Conversion                                                ; Off                ; Off                ;
; Block Design Naming                                                        ; Auto               ; Auto               ;
; SDC constraint protection                                                  ; Off                ; Off                ;
; Synthesis Effort                                                           ; Auto               ; Auto               ;
; Shift Register Replacement - Allow Asynchronous Clear Signal               ; On                 ; On                 ;
; Pre-Mapping Resynthesis Optimization                                       ; Off                ; Off                ;
; Analysis & Synthesis Message Level                                         ; Medium             ; Medium             ;
; Disable Register Merging Across Hierarchies                                ; Auto               ; Auto               ;
; Resource Aware Inference For Block RAM                                     ; On                 ; On                 ;
; Synthesis Seed                                                             ; 1                  ; 1                  ;
+----------------------------------------------------------------------------+--------------------+--------------------+


Parallel compilation was disabled, but you have multiple processors available. Enable parallel compilation to reduce compilation time.
+-------------------------------------+
; Parallel Compilation                ;
+----------------------------+--------+
; Processors                 ; Number ;
+----------------------------+--------+
; Number detected on machine ; 8      ;
; Maximum allowed            ; 1      ;
+----------------------------+--------+


+-------------------------------+
; Analysis & Synthesis Messages ;
+-------------------------------+
Info: *******************************************************************
Info: Running Quartus II 64-Bit Analysis & Synthesis
    Info: Version 12.1 Build 243 01/31/2013 Service Pack 1 SJ Web Edition
    Info: Processing started: Tue Jun 09 16:41:22 2015
Info: Command: quartus_map --read_settings_files=on --write_settings_files=off Dunna -c Dunna
Warning (20028): Parallel compilation is not licensed and has been disabled
Info (12021): Found 1 design units, including 1 entities, in source file /documentos/github/dprocesadores/proyectopedro/codigos/vga_audio_pll.v
    Info (12023): Found entity 1: VGA_Audio_PLL
Warning (10463): Verilog HDL Declaration warning at uc.v(4): "continue" is SystemVerilog-2005 keyword
Info (12021): Found 1 design units, including 1 entities, in source file /documentos/github/dprocesadores/proyectopedro/codigos/uc.v
    Info (12023): Found entity 1: uc
Info (12021): Found 1 design units, including 1 entities, in source file /documentos/github/dprocesadores/proyectopedro/codigos/palaplaca.v
    Info (12023): Found entity 1: palaplaca
Warning (10463): Verilog HDL Declaration warning at monociclo.v(23): "continue" is SystemVerilog-2005 keyword
Info (12021): Found 1 design units, including 1 entities, in source file /documentos/github/dprocesadores/proyectopedro/codigos/monociclo.v
    Info (12023): Found entity 1: monociclo
Info (12021): Found 1 design units, including 1 entities, in source file /documentos/github/dprocesadores/proyectopedro/codigos/modulosonido.v
    Info (12023): Found entity 1: ModuloSonido
Info (12021): Found 1 design units, including 1 entities, in source file /documentos/github/dprocesadores/proyectopedro/codigos/microc.v
    Info (12023): Found entity 1: microc
Info (12021): Found 1 design units, including 1 entities, in source file /documentos/github/dprocesadores/proyectopedro/codigos/memprog.v
    Info (12023): Found entity 1: memprog
Info (12021): Found 1 design units, including 1 entities, in source file /documentos/github/dprocesadores/proyectopedro/codigos/i2c_controller.v
    Info (12023): Found entity 1: I2C_Controller
Info (12021): Found 1 design units, including 1 entities, in source file /documentos/github/dprocesadores/proyectopedro/codigos/i2c_av_config.v
    Info (12023): Found entity 1: I2C_AV_Config
Warning (10463): Verilog HDL Declaration warning at componentes.v(150): "continue" is SystemVerilog-2005 keyword
Info (12021): Found 13 design units, including 13 entities, in source file /documentos/github/dprocesadores/proyectopedro/codigos/componentes.v
    Info (12023): Found entity 1: deco4a7
    Info (12023): Found entity 2: registro10
    Info (12023): Found entity 3: regfile
    Info (12023): Found entity 4: descompose
    Info (12023): Found entity 5: sum
    Info (12023): Found entity 6: sumrest
    Info (12023): Found entity 7: selectordepuerto
    Info (12023): Found entity 8: complementoa2
    Info (12023): Found entity 9: registro
    Info (12023): Found entity 10: registroconenable
    Info (12023): Found entity 11: mux2
    Info (12023): Found entity 12: mux4
    Info (12023): Found entity 13: dmux4
Info (12021): Found 1 design units, including 1 entities, in source file /documentos/github/dprocesadores/proyectopedro/codigos/alu.v
    Info (12023): Found entity 1: alu
Info (12021): Found 1 design units, including 1 entities, in source file /documentos/github/dprocesadores/proyectopedro/codigos/adio_codec.v
    Info (12023): Found entity 1: adio_codec
Info (12127): Elaborating entity "palaplaca" for the top level hierarchy
Warning (10230): Verilog HDL assignment warning at palaplaca.v(30): truncated value with size 9 to match size of target (8)
Warning (10230): Verilog HDL assignment warning at palaplaca.v(31): truncated value with size 9 to match size of target (8)
Warning (10240): Verilog HDL Always Construct warning at palaplaca.v(20): inferring latch(es) for variable "rellenooperando", which holds its previous value in one or more paths through the always construct
Warning (10240): Verilog HDL Always Construct warning at palaplaca.v(20): inferring latch(es) for variable "rellenooperacion", which holds its previous value in one or more paths through the always construct
Warning (10240): Verilog HDL Always Construct warning at palaplaca.v(20): inferring latch(es) for variable "e3", which holds its previous value in one or more paths through the always construct
Info (10041): Inferred latch for "e3[0]" at palaplaca.v(20)
Info (10041): Inferred latch for "e3[1]" at palaplaca.v(20)
Info (10041): Inferred latch for "e3[2]" at palaplaca.v(20)
Info (10041): Inferred latch for "e3[3]" at palaplaca.v(20)
Info (10041): Inferred latch for "e3[4]" at palaplaca.v(20)
Info (10041): Inferred latch for "e3[5]" at palaplaca.v(20)
Info (10041): Inferred latch for "e3[6]" at palaplaca.v(20)
Info (10041): Inferred latch for "e3[7]" at palaplaca.v(20)
Info (10041): Inferred latch for "rellenooperacion[0]" at palaplaca.v(20)
Info (10041): Inferred latch for "rellenooperacion[1]" at palaplaca.v(20)
Info (10041): Inferred latch for "rellenooperacion[2]" at palaplaca.v(20)
Info (10041): Inferred latch for "rellenooperacion[3]" at palaplaca.v(20)
Info (10041): Inferred latch for "rellenooperacion[4]" at palaplaca.v(20)
Info (10041): Inferred latch for "rellenooperando[0]" at palaplaca.v(20)
Info (10041): Inferred latch for "rellenooperando[1]" at palaplaca.v(20)
Info (10041): Inferred latch for "rellenooperando[2]" at palaplaca.v(20)
Info (12128): Elaborating entity "monociclo" for hierarchy "monociclo:mono"
Warning (10036): Verilog HDL or VHDL warning at monociclo.v(20): object "AUD_ADCLRCK" assigned a value but never read
Info (12128): Elaborating entity "microc" for hierarchy "monociclo:mono|microc:micro1"
Info (12128): Elaborating entity "sum" for hierarchy "monociclo:mono|microc:micro1|sum:sum_pc"
Info (12128): Elaborating entity "complementoa2" for hierarchy "monociclo:mono|microc:micro1|complementoa2:compsalto"
Info (12128): Elaborating entity "mux2" for hierarchy "monociclo:mono|microc:micro1|mux2:mux_srel"
Info (12128): Elaborating entity "registroconenable" for hierarchy "monociclo:mono|microc:micro1|registroconenable:pcbackup"
Info (12128): Elaborating entity "registro" for hierarchy "monociclo:mono|microc:micro1|registro:pc"
Info (12128): Elaborating entity "memprog" for hierarchy "monociclo:mono|microc:micro1|memprog:memoria"
Error (10054): Verilog HDL File I/O error at memprog.v(11): can't open Verilog Design File "D:DocumentosGitHubDProcesadoresProyectoPedroCodigosprogfile.dat" File: D:/Documentos/GitHub/DProcesadores/ProyectoPedro/Codigos/memprog.v Line: 11
Error (12152): Can't elaborate user hierarchy "monociclo:mono|microc:micro1|memprog:memoria" File: D:/Documentos/GitHub/DProcesadores/ProyectoPedro/Codigos/microc.v Line: 55
Info (144001): Generated suppressed messages file D:/Documentos/GitHub/DProcesadores/ProyectoPedro/Quartus/output_files/Dunna.map.smsg
Error: Quartus II 64-Bit Analysis & Synthesis was unsuccessful. 2 errors, 10 warnings
    Error: Peak virtual memory: 476 megabytes
    Error: Processing ended: Tue Jun 09 16:41:23 2015
    Error: Elapsed time: 00:00:01
    Error: Total CPU time (on all processors): 00:00:01


+------------------------------------------+
; Analysis & Synthesis Suppressed Messages ;
+------------------------------------------+
The suppressed messages can be found in D:/Documentos/GitHub/DProcesadores/ProyectoPedro/Quartus/output_files/Dunna.map.smsg.


