Archive member included because of file (symbol)

/opt/altera/12.1sp1/nios2eds/bin/gnu/H-i686-pc-linux-gnu/bin/../lib/gcc/nios2-elf/4.1.2/mno-hw-mul/libgcc.a(lib2-divmod.o)
                              obj/default/hello_world.o (__divsi3)
/opt/altera/12.1sp1/nios2eds/bin/gnu/H-i686-pc-linux-gnu/bin/../lib/gcc/nios2-elf/4.1.2/mno-hw-mul/libgcc.a(lib2-mul.o)
                              obj/default/hello_world.o (__mulsi3)
/opt/altera/12.1sp1/nios2eds/bin/gnu/H-i686-pc-linux-gnu/bin/../lib/gcc/nios2-elf/4.1.2/../../../../nios2-elf/lib/mno-hw-mul/libc.a(lib_a-calloc.o)
                              obj/default/hello_world.o (calloc)
/opt/altera/12.1sp1/nios2eds/bin/gnu/H-i686-pc-linux-gnu/bin/../lib/gcc/nios2-elf/4.1.2/../../../../nios2-elf/lib/mno-hw-mul/libc.a(lib_a-callocr.o)
                              /opt/altera/12.1sp1/nios2eds/bin/gnu/H-i686-pc-linux-gnu/bin/../lib/gcc/nios2-elf/4.1.2/../../../../nios2-elf/lib/mno-hw-mul/libc.a(lib_a-calloc.o) (_calloc_r)
/opt/altera/12.1sp1/nios2eds/bin/gnu/H-i686-pc-linux-gnu/bin/../lib/gcc/nios2-elf/4.1.2/../../../../nios2-elf/lib/mno-hw-mul/libc.a(lib_a-exit.o)
                              obj/default/hello_world.o (exit)
/opt/altera/12.1sp1/nios2eds/bin/gnu/H-i686-pc-linux-gnu/bin/../lib/gcc/nios2-elf/4.1.2/../../../../nios2-elf/lib/mno-hw-mul/libc.a(lib_a-fclose.o)
                              obj/default/hello_world.o (fclose)
/opt/altera/12.1sp1/nios2eds/bin/gnu/H-i686-pc-linux-gnu/bin/../lib/gcc/nios2-elf/4.1.2/../../../../nios2-elf/lib/mno-hw-mul/libc.a(lib_a-fflush.o)
                              /opt/altera/12.1sp1/nios2eds/bin/gnu/H-i686-pc-linux-gnu/bin/../lib/gcc/nios2-elf/4.1.2/../../../../nios2-elf/lib/mno-hw-mul/libc.a(lib_a-fclose.o) (_fflush_r)
/opt/altera/12.1sp1/nios2eds/bin/gnu/H-i686-pc-linux-gnu/bin/../lib/gcc/nios2-elf/4.1.2/../../../../nios2-elf/lib/mno-hw-mul/libc.a(lib_a-fgets.o)
                              obj/default/hello_world.o (fgets)
/opt/altera/12.1sp1/nios2eds/bin/gnu/H-i686-pc-linux-gnu/bin/../lib/gcc/nios2-elf/4.1.2/../../../../nios2-elf/lib/mno-hw-mul/libc.a(lib_a-findfp.o)
                              /opt/altera/12.1sp1/nios2eds/bin/gnu/H-i686-pc-linux-gnu/bin/../lib/gcc/nios2-elf/4.1.2/../../../../nios2-elf/lib/mno-hw-mul/libc.a(lib_a-fclose.o) (__sfp_lock_acquire)
/opt/altera/12.1sp1/nios2eds/bin/gnu/H-i686-pc-linux-gnu/bin/../lib/gcc/nios2-elf/4.1.2/../../../../nios2-elf/lib/mno-hw-mul/libc.a(lib_a-fopen.o)
                              obj/default/hello_world.o (fopen)
/opt/altera/12.1sp1/nios2eds/bin/gnu/H-i686-pc-linux-gnu/bin/../lib/gcc/nios2-elf/4.1.2/../../../../nios2-elf/lib/mno-hw-mul/libc.a(lib_a-fprintf.o)
                              obj/default/hello_world.o (fprintf)
/opt/altera/12.1sp1/nios2eds/bin/gnu/H-i686-pc-linux-gnu/bin/../lib/gcc/nios2-elf/4.1.2/../../../../nios2-elf/lib/mno-hw-mul/libc.a(lib_a-fread.o)
                              obj/default/hello_world.o (fread)
/opt/altera/12.1sp1/nios2eds/bin/gnu/H-i686-pc-linux-gnu/bin/../lib/gcc/nios2-elf/4.1.2/../../../../nios2-elf/lib/mno-hw-mul/libc.a(lib_a-freer.o)
                              /opt/altera/12.1sp1/nios2eds/bin/gnu/H-i686-pc-linux-gnu/bin/../lib/gcc/nios2-elf/4.1.2/../../../../nios2-elf/lib/mno-hw-mul/libc.a(lib_a-fclose.o) (_free_r)
/opt/altera/12.1sp1/nios2eds/bin/gnu/H-i686-pc-linux-gnu/bin/../lib/gcc/nios2-elf/4.1.2/../../../../nios2-elf/lib/mno-hw-mul/libc.a(lib_a-fscanf.o)
                              obj/default/hello_world.o (fscanf)
/opt/altera/12.1sp1/nios2eds/bin/gnu/H-i686-pc-linux-gnu/bin/../lib/gcc/nios2-elf/4.1.2/../../../../nios2-elf/lib/mno-hw-mul/libc.a(lib_a-fseek.o)
                              /opt/altera/12.1sp1/nios2eds/bin/gnu/H-i686-pc-linux-gnu/bin/../lib/gcc/nios2-elf/4.1.2/../../../../nios2-elf/lib/mno-hw-mul/libc.a(lib_a-fopen.o) (_fseek_r)
/opt/altera/12.1sp1/nios2eds/bin/gnu/H-i686-pc-linux-gnu/bin/../lib/gcc/nios2-elf/4.1.2/../../../../nios2-elf/lib/mno-hw-mul/libc.a(lib_a-fstatr.o)
                              /opt/altera/12.1sp1/nios2eds/bin/gnu/H-i686-pc-linux-gnu/bin/../lib/gcc/nios2-elf/4.1.2/../../../../nios2-elf/lib/mno-hw-mul/libc.a(lib_a-fseek.o) (_fstat_r)
/opt/altera/12.1sp1/nios2eds/bin/gnu/H-i686-pc-linux-gnu/bin/../lib/gcc/nios2-elf/4.1.2/../../../../nios2-elf/lib/mno-hw-mul/libc.a(lib_a-fwalk.o)
                              /opt/altera/12.1sp1/nios2eds/bin/gnu/H-i686-pc-linux-gnu/bin/../lib/gcc/nios2-elf/4.1.2/../../../../nios2-elf/lib/mno-hw-mul/libc.a(lib_a-fflush.o) (_fwalk_reent)
/opt/altera/12.1sp1/nios2eds/bin/gnu/H-i686-pc-linux-gnu/bin/../lib/gcc/nios2-elf/4.1.2/../../../../nios2-elf/lib/mno-hw-mul/libc.a(lib_a-fwrite.o)
                              obj/default/hello_world.o (fwrite)
/opt/altera/12.1sp1/nios2eds/bin/gnu/H-i686-pc-linux-gnu/bin/../lib/gcc/nios2-elf/4.1.2/../../../../nios2-elf/lib/mno-hw-mul/libc.a(lib_a-impure.o)
[...]
Memory Configuration

Name             Origin             Length             Attributes
reset            0x00000000         0x00000020
onchip_mem       0x00000020         0x00004fe0
sram             0x00100000         0x00080000
sdram            0x01000000         0x00800000
*default*        0x00000000         0xffffffff

Linker script and memory map

LOAD ../cufuc_bsp//obj/HAL/src/crt0.o
LOAD obj/default/hello_world.o
LOAD /opt/altera/12.1sp1/nios2eds/bin/gnu/H-i686-pc-linux-gnu/bin/../lib/gcc/nios2-elf/4.1.2/../../../../nios2-elf/lib/mno-hw-mul/libstdc++.a
LOAD /opt/altera/12.1sp1/nios2eds/bin/gnu/H-i686-pc-linux-gnu/bin/../lib/gcc/nios2-elf/4.1.2/../../../../nios2-elf/lib/mno-hw-mul/libm.a
LOAD /opt/altera/12.1sp1/nios2eds/bin/gnu/H-i686-pc-linux-gnu/bin/../lib/gcc/nios2-elf/4.1.2/mno-hw-mul/libgcc.a
START GROUP
LOAD /opt/altera/12.1sp1/nios2eds/bin/gnu/H-i686-pc-linux-gnu/bin/../lib/gcc/nios2-elf/4.1.2/../../../../nios2-elf/lib/mno-hw-mul/libc.a
LOAD /opt/altera/12.1sp1/nios2eds/bin/gnu/H-i686-pc-linux-gnu/bin/../lib/gcc/nios2-elf/4.1.2/mno-hw-mul/libgcc.a
LOAD ../cufuc_bsp//libhal_bsp.a
END GROUP
LOAD /opt/altera/12.1sp1/nios2eds/bin/gnu/H-i686-pc-linux-gnu/bin/../lib/gcc/nios2-elf/4.1.2/mno-hw-mul/libgcc.a
                0x00000000                __alt_mem_onchip_mem = 0x0
                0x00100000                __alt_mem_sram = 0x100000
                0x01000000                __alt_mem_sdram = 0x1000000

.entry          0x00000000       0x20
 *(.entry)
 .entry         0x00000000       0x20 ../cufuc_bsp//obj/HAL/src/crt0.o
                0x00000000                __reset

.exceptions     0x00000020      0x194 load address 0x01000000
                0x00000020                PROVIDE (__ram_exceptions_start, ABSOLUTE (.))
                0x00000020                . = ALIGN (0x20)
 *(.irq)
 *(.exceptions.entry.label)
 .exceptions.entry.label
                0x00000020        0x0 ../cufuc_bsp//libhal_bsp.a(alt_irq_entry.o)
                0x00000020                alt_irq_entry
 .exceptions.entry.label
                0x00000020        0x0 ../cufuc_bsp//libhal_bsp.a(alt_exception_entry.o)
                0x00000020                alt_exception
 *(.exceptions.entry.user)
 *(.exceptions.entry)
 .exceptions.entry
                0x00000020       0x54 ../cufuc_bsp//libhal_bsp.a(alt_exception_entry.o)
 *(.exceptions.irqtest.user)
 *(.exceptions.irqtest)
 .exceptions.irqtest
                0x00000074       0x10 ../cufuc_bsp//libhal_bsp.a(alt_irq_entry.o)
 *(.exceptions.irqhandler.user)
 *(.exceptions.irqhandler)
 .exceptions.irqhandler
                0x00000084        0x4 ../cufuc_bsp//libhal_bsp.a(alt_irq_entry.o)
 *(.exceptions.irqreturn.user)
 *(.exceptions.irqreturn)
 .exceptions.irqreturn
                0x00000088        0x4 ../cufuc_bsp//libhal_bsp.a(alt_irq_entry.o)
 *(.exceptions.notirq.label)
 .exceptions.notirq.label
                0x0000008c        0x0 ../cufuc_bsp//libhal_bsp.a(alt_irq_entry.o)
 *(.exceptions.notirq.user)
 *(.exceptions.notirq)
 .exceptions.notirq
                0x0000008c        0x8 ../cufuc_bsp//libhal_bsp.a(alt_exception_entry.o)
 *(.exceptions.soft.user)
 *(.exceptions.soft)
 *(.exceptions.unknown.user)
 *(.exceptions.unknown)
 .exceptions.unknown
                0x00000094        0x4 ../cufuc_bsp//libhal_bsp.a(alt_exception_entry.o)
 *(.exceptions.exit.label)
 .exceptions.exit.label
                0x00000098        0x0 ../cufuc_bsp//libhal_bsp.a(alt_irq_entry.o)
 .exceptions.exit.label
                0x00000098        0x0 ../cufuc_bsp//libhal_bsp.a(alt_exception_entry.o)
 *(.exceptions.exit.user)
 *(.exceptions.exit)
 .exceptions.exit
                0x00000098       0x54 ../cufuc_bsp//libhal_bsp.a(alt_exception_entry.o)
 *(.exceptions)
 .exceptions    0x000000ec       0xc8 ../cufuc_bsp//libhal_bsp.a(alt_irq_handler.o)
                0x000000ec                alt_irq_handler
                0x000001b4                PROVIDE (__ram_exceptions_end, ABSOLUTE (.))
                0x01000000                PROVIDE (__flash_exceptions_start, LOADADDR (.exceptions))

.text           0x01000194    0x1310c
                0x01000194                PROVIDE (stext, ABSOLUTE (.))
 *(.interp)
 *(.hash)
 *(.dynsym)
 *(.dynstr)
 *(.gnu.version)
 *(.gnu.version_d)
 *(.gnu.version_r)
 *(.rel.init)
 *(.rela.init)
 *(.rel.text .rel.text.* .rel.gnu.linkonce.t.*)
 *(.rela.text .rela.text.* .rela.gnu.linkonce.t.*)
 *(.rel.fini)
 *(.rela.fini)
 *(.rel.rodata .rel.rodata.* .rel.gnu.linkonce.r.*)
 *(.rela.rodata .rela.rodata.* .rela.gnu.linkonce.r.*)
 *(.rel.data .rel.data.* .rel.gnu.linkonce.d.*)
 *(.rela.data .rela.data.* .rela.gnu.linkonce.d.*)
 *(.rel.tdata .rel.tdata.* .rel.gnu.linkonce.td.*)
 *(.rela.tdata .rela.tdata.* .rela.gnu.linkonce.td.*)
 *(.rel.tbss .rel.tbss.* .rel.gnu.linkonce.tb.*)
 *(.rela.tbss .rela.tbss.* .rela.gnu.linkonce.tb.*)
 *(.rel.ctors)
 *(.rela.ctors)
 *(.rel.dtors)
 *(.rela.dtors)
 *(.rel.got)
 *(.rela.got)
 *(.rel.sdata .rel.sdata.* .rel.gnu.linkonce.s.*)
 *(.rela.sdata .rela.sdata.* .rela.gnu.linkonce.s.*)
 *(.rel.sbss .rel.sbss.* .rel.gnu.linkonce.sb.*)
 *(.rela.sbss .rela.sbss.* .rela.gnu.linkonce.sb.*)
 *(.rel.sdata2 .rel.sdata2.* .rel.gnu.linkonce.s2.*)
 *(.rela.sdata2 .rela.sdata2.* .rela.gnu.linkonce.s2.*)
 *(.rel.sbss2 .rel.sbss2.* .rel.gnu.linkonce.sb2.*)
 *(.rela.sbss2 .rela.sbss2.* .rela.gnu.linkonce.sb2.*)
 *(.rel.bss .rel.bss.* .rel.gnu.linkonce.b.*)
 *(.rela.bss .rela.bss.* .rela.gnu.linkonce.b.*)
 *(.rel.plt)
 *(.rela.plt)
 *(.rel.dyn)
 *(.init)
 *(.plt)
 *(.text .stub .text.* .gnu.linkonce.t.*)
 .text          0x01000194       0x3c ../cufuc_bsp//obj/HAL/src/crt0.o
                0x01000194                _start
 .text          0x010001d0      0xd88 obj/default/hello_world.o
                0x010001d0                pgmread
                0x01000618                pgmwrite
                0x01000950                pos
                0x01000998                rellenar_filtro
                0x01000b08                valornewpixel
                0x01000c58                aplicarfiltro
                0x01000d24                func1
                0x01000ed0                main
 .text          0x01000f58      0x14c /opt/altera/12.1sp1/nios2eds/bin/gnu/H-i686-pc-linux-gnu/bin/../lib/gcc/nios2-elf/4.1.2/mno-hw-mul/libgcc.a(lib2-divmod.o)
                0x01000fd4                __divsi3
                0x01001034                __modsi3
                0x01001094                __udivsi3
                0x0100109c                __umodsi3
 .text          0x010010a4       0x38 /opt/altera/12.1sp1/nios2eds/bin/gnu/H-i686-pc-linux-gnu/bin/../lib/gcc/nios2-elf/4.1.2/mno-hw-mul/libgcc.a(lib2-mul.o)
                0x010010a4                __mulsi3
 .text          0x010010dc       0x1c /opt/altera/12.1sp1/nios2eds/bin/gnu/H-i686-pc-linux-gnu/bin/../lib/gcc/nios2-elf/4.1.2/../../../../nios2-elf/lib/mno-hw-mul/libc.a(lib_a-calloc.o)
                0x010010dc                calloc
 .text          0x010010f8       0xc8 /opt/altera/12.1sp1/nios2eds/bin/gnu/H-i686-pc-linux-gnu/bin/../lib/gcc/nios2-elf/4.1.2/../../../../nios2-elf/lib/mno-hw-mul/libc.a(lib_a-callocr.o)
                0x010010f8                _calloc_r
 .text          0x010011c0       0x38 /opt/altera/12.1sp1/nios2eds/bin/gnu/H-i686-pc-linux-gnu/bin/../lib/gcc/nios2-elf/4.1.2/../../../../nios2-elf/lib/mno-hw-mul/libc.a(lib_a-exit.o)
                0x010011c0                exit
 .text          0x010011f8      0x124 /opt/altera/12.1sp1/nios2eds/bin/gnu/H-i686-pc-linux-gnu/bin/../lib/gcc/nios2-elf/4.1.2/../../../../nios2-elf/lib/mno-hw-mul/libc.a(lib_a-fclose.o)
                0x010011f8                _fclose_r
                0x01001308                fclose
 .text          0x0100131c      0x230 /opt/altera/12.1sp1/nios2eds/bin/gnu/H-i686-pc-linux-gnu/bin/../lib/gcc/nios2-elf/4.1.2/../../../../nios2-elf/lib/mno-hw-mul/libc.a(lib_a-fflush.o)
                0x0100131c                _fflush_r
                0x01001518                fflush
 .text          0x0100154c      0x16c /opt/altera/12.1sp1/nios2eds/bin/gnu/H-i686-pc-linux-gnu/bin/../lib/gcc/nios2-elf/4.1.2/../../../../nios2-elf/lib/mno-hw-mul/libc.a(lib_a-fgets.o)
                0x0100154c                _fgets_r
                0x01001694                fgets
 .text          0x010016b8      0x2f4 /opt/altera/12.1sp1/nios2eds/bin/gnu/H-i686-pc-linux-gnu/bin/../lib/gcc/nios2-elf/4.1.2/../../../../nios2-elf/lib/mno-hw-mul/libc.a(lib_a-findfp.o)
                0x01001710                __sfp_lock_acquire
                0x01001714                __sfp_lock_release
                0x01001718                __sinit_lock_acquire
                0x0100171c                __sinit_lock_release
                0x01001720                __sinit
                0x010017d4                __fp_unlock_all
                0x010017ec                __fp_lock_all
                0x01001804                _cleanup_r
                0x01001810                _cleanup
                0x01001820                __sfmoreglue
                0x010018bc                __sfp
 .text          0x010019ac      0x110 /opt/altera/12.1sp1/nios2eds/bin/gnu/H-i686-pc-linux-gnu/bin/../lib/gcc/nios2-elf/4.1.2/../../../../nios2-elf/lib/mno-hw-mul/libc.a(lib_a-fopen.o)
                0x010019ac                _fopen_r
                0x01001aa0                fopen
 .text          0x01001abc       0x60 /opt/altera/12.1sp1/nios2eds/bin/gnu/H-i686-pc-linux-gnu/bin/../lib/gcc/nios2-elf/4.1.2/../../../../nios2-elf/lib/mno-hw-mul/libc.a(lib_a-fprintf.o)
                0x01001abc                fprintf
                0x01001ae8                _fprintf_r
 .text          0x01001b1c      0x24c /opt/altera/12.1sp1/nios2eds/bin/gnu/H-i686-pc-linux-gnu/bin/../lib/gcc/nios2-elf/4.1.2/../../../../nios2-elf/lib/mno-hw-mul/libc.a(lib_a-fread.o)
                0x01001b1c                _fread_r
                0x01001d28                fread
 .text          0x01001d68      0x440 /opt/altera/12.1sp1/nios2eds/bin/gnu/H-i686-pc-linux-gnu/bin/../lib/gcc/nios2-elf/4.1.2/../../../../nios2-elf/lib/mno-hw-mul/libc.a(lib_a-freer.o)
                0x01001d68                _malloc_trim_r
                0x01001e94                _free_r
 .text          0x010021a8       0x6c /opt/altera/12.1sp1/nios2eds/bin/gnu/H-i686-pc-linux-gnu/bin/../lib/gcc/nios2-elf/4.1.2/../../../../nios2-elf/lib/mno-hw-mul/libc.a(lib_a-fscanf.o)
                0x010021a8                _fscanf_r
                0x010021d0                fscanf
 .text          0x01002214      0x460 /opt/altera/12.1sp1/nios2eds/bin/gnu/H-i686-pc-linux-gnu/bin/../lib/gcc/nios2-elf/4.1.2/../../../../nios2-elf/lib/mno-hw-mul/libc.a(lib_a-fseek.o)
                0x01002214                _fseek_r
                0x01002650                fseek
 .text          0x01002674       0x74 /opt/altera/12.1sp1/nios2eds/bin/gnu/H-i686-pc-linux-gnu/bin/../lib/gcc/nios2-elf/4.1.2/../../../../nios2-elf/lib/mno-hw-mul/libc.a(lib_a-fstatr.o)
                0x01002674                _fstat_r
 .text          0x010026e8      0x180 /opt/altera/12.1sp1/nios2eds/bin/gnu/H-i686-pc-linux-gnu/bin/../lib/gcc/nios2-elf/4.1.2/../../../../nios2-elf/lib/mno-hw-mul/libc.a(lib_a-fwalk.o)
                0x010026e8                _fwalk_reent
                0x010027b0                _fwalk
 .text          0x01002868       0xec /opt/altera/12.1sp1/nios2eds/bin/gnu/H-i686-pc-linux-gnu/bin/../lib/gcc/nios2-elf/4.1.2/../../../../nios2-elf/lib/mno-hw-mul/libc.a(lib_a-fwrite.o)
                0x01002868                _fwrite_r
                0x01002914                fwrite
 .text          0x01002954        0x0 /opt/altera/12.1sp1/nios2eds/bin/gnu/H-i686-pc-linux-gnu/bin/../lib/gcc/nios2-elf/4.1.2/../../../../nios2-elf/lib/mno-hw-mul/libc.a(lib_a-impure.o)
 .text          0x01002954        0x0 /opt/altera/12.1sp1/nios2eds/bin/gnu/H-i686-pc-linux-gnu/bin/../lib/gcc/nios2-elf/4.1.2/../../../../nios2-elf/lib/mno-hw-mul/libc.a(lib_a-int_errno.o)
 .text          0x01002954      0x194 /opt/altera/12.1sp1/nios2eds/bin/gnu/H-i686-pc-linux-gnu/bin/../lib/gcc/nios2-elf/4.1.2/../../../../nios2-elf/lib/mno-hw-mul/libc.a(lib_a-makebuf.o)
                0x01002954                __smakebuf_r
 .text          0x01002ae8       0x28 /opt/altera/12.1sp1/nios2eds/bin/gnu/H-i686-pc-linux-gnu/bin/../lib/gcc/nios2-elf/4.1.2/../../../../nios2-elf/lib/mno-hw-mul/libc.a(lib_a-malloc.o)
                0x01002ae8                free
                0x01002afc                malloc
 .text          0x01002b10      0x740 /opt/altera/12.1sp1/nios2eds/bin/gnu/H-i686-pc-linux-gnu/bin/../lib/gcc/nios2-elf/4.1.2/../../../../nios2-elf/lib/mno-hw-mul/libc.a(lib_a-mallocr.o)
                0x01002b10                _malloc_r
 .text          0x01003250       0xe4 /opt/altera/12.1sp1/nios2eds/bin/gnu/H-i686-pc-linux-gnu/bin/../lib/gcc/nios2-elf/4.1.2/../../../../nios2-elf/lib/mno-hw-mul/libc.a(lib_a-memchr.o)
                0x01003250                memchr
 .text          0x01003334       0xa0 /opt/altera/12.1sp1/nios2eds/bin/gnu/H-i686-pc-linux-gnu/bin/../lib/gcc/nios2-elf/4.1.2/../../../../nios2-elf/lib/mno-hw-mul/libc.a(lib_a-memcpy.o)
                0x01003334                memcpy
 .text          0x010033d4       0x98 /opt/altera/12.1sp1/nios2eds/bin/gnu/H-i686-pc-linux-gnu/bin/../lib/gcc/nios2-elf/4.1.2/../../../../nios2-elf/lib/mno-hw-mul/libc.a(lib_a-memset.o)
                0x010033d4                memset
 .text          0x0100346c       0x78 /opt/altera/12.1sp1/nios2eds/bin/gnu/H-i686-pc-linux-gnu/bin/../lib/gcc/nios2-elf/4.1.2/../../../../nios2-elf/lib/mno-hw-mul/libc.a(lib_a-openr.o)
                0x0100346c                _open_r
 .text          0x010034e4       0x78 /opt/altera/12.1sp1/nios2eds/bin/gnu/H-i686-pc-linux-gnu/bin/../lib/gcc/nios2-elf/4.1.2/../../../../nios2-elf/lib/mno-hw-mul/libc.a(lib_a-printf.o)
                0x010034e4                printf
                0x01003528                _printf_r
 .text          0x0100355c       0xb4 /opt/altera/12.1sp1/nios2eds/bin/gnu/H-i686-pc-linux-gnu/bin/../lib/gcc/nios2-elf/4.1.2/../../../../nios2-elf/lib/mno-hw-mul/libc.a(lib_a-puts.o)
                0x0100355c                _puts_r
                0x010035fc                puts
 .text          0x01003610      0x1e0 /opt/altera/12.1sp1/nios2eds/bin/gnu/H-i686-pc-linux-gnu/bin/../lib/gcc/nios2-elf/4.1.2/../../../../nios2-elf/lib/mno-hw-mul/libc.a(lib_a-refill.o)
                0x01003610                __srefill_r
 .text          0x010037f0       0x70 /opt/altera/12.1sp1/nios2eds/bin/gnu/H-i686-pc-linux-gnu/bin/../lib/gcc/nios2-elf/4.1.2/../../../../nios2-elf/lib/mno-hw-mul/libc.a(lib_a-sbrkr.o)
                0x010037f0                _sbrk_r
 .text          0x01003860      0x114 /opt/altera/12.1sp1/nios2eds/bin/gnu/H-i686-pc-linux-gnu/bin/../lib/gcc/nios2-elf/4.1.2/../../../../nios2-elf/lib/mno-hw-mul/libc.a(lib_a-sscanf.o)
                0x01003868                _sscanf_r
                0x010038f0                sscanf
 .text          0x01003974      0x14c /opt/altera/12.1sp1/nios2eds/bin/gnu/H-i686-pc-linux-gnu/bin/../lib/gcc/nios2-elf/4.1.2/../../../../nios2-elf/lib/mno-hw-mul/libc.a(lib_a-stdio.o)
                0x01003974                __sclose
                0x0100397c                __sseek
                0x010039e4                __swrite
                0x01003a60                __sread
 .text          0x01003ac0       0x74 /opt/altera/12.1sp1/nios2eds/bin/gnu/H-i686-pc-linux-gnu/bin/../lib/gcc/nios2-elf/4.1.2/../../../../nios2-elf/lib/mno-hw-mul/libc.a(lib_a-strlen.o)
                0x01003ac0                strlen
 .text          0x01003b34       0xf0 /opt/altera/12.1sp1/nios2eds/bin/gnu/H-i686-pc-linux-gnu/bin/../lib/gcc/nios2-elf/4.1.2/../../../../nios2-elf/lib/mno-hw-mul/libc.a(lib_a-strncmp.o)
                0x01003b34                strncmp
 .text          0x01003c24     0x1f40 /opt/altera/12.1sp1/nios2eds/bin/gnu/H-i686-pc-linux-gnu/bin/../lib/gcc/nios2-elf/4.1.2/../../../../nios2-elf/lib/mno-hw-mul/libc.a(lib_a-vfprintf.o)
                0x01003c7c                ___vfprintf_internal_r
                0x01005b40                __vfprintf_internal
 .text          0x01005b64     0x1788 /opt/altera/12.1sp1/nios2eds/bin/gnu/H-i686-pc-linux-gnu/bin/../lib/gcc/nios2-elf/4.1.2/../../../../nios2-elf/lib/mno-hw-mul/libc.a(lib_a-vfscanf.o)
                0x01005b64                __svfscanf_r
                0x010071ec                __svfscanf
                0x01007210                _vfscanf_r
                0x01007278                vfscanf
 .text          0x010072ec       0x78 /opt/altera/12.1sp1/nios2eds/bin/gnu/H-i686-pc-linux-gnu/bin/../lib/gcc/nios2-elf/4.1.2/../../../../nios2-elf/lib/mno-hw-mul/libc.a(lib_a-writer.o)
                0x010072ec                _write_r
 .text          0x01007364      0x13c /opt/altera/12.1sp1/nios2eds/bin/gnu/H-i686-pc-linux-gnu/bin/../lib/gcc/nios2-elf/4.1.2/../../../../nios2-elf/lib/mno-hw-mul/libc.a(lib_a-wsetup.o)
                0x01007364                __swsetup_r
 .text          0x010074a0      0x1b4 /opt/altera/12.1sp1/nios2eds/bin/gnu/H-i686-pc-linux-gnu/bin/../lib/gcc/nios2-elf/4.1.2/../../../../nios2-elf/lib/mno-hw-mul/libc.a(lib_a-__call_atexit.o)
                0x010074a4                __call_exitprocs
 .text          0x01007654       0x70 /opt/altera/12.1sp1/nios2eds/bin/gnu/H-i686-pc-linux-gnu/bin/../lib/gcc/nios2-elf/4.1.2/../../../../nios2-elf/lib/mno-hw-mul/libc.a(lib_a-closer.o)
                0x01007654                _close_r
 .text          0x010076c4        0x0 /opt/altera/12.1sp1/nios2eds/bin/gnu/H-i686-pc-linux-gnu/bin/../lib/gcc/nios2-elf/4.1.2/../../../../nios2-elf/lib/mno-hw-mul/libc.a(lib_a-ctype_.o)
 .text          0x010076c4     0x17f8 /opt/altera/12.1sp1/nios2eds/bin/gnu/H-i686-pc-linux-gnu/bin/../lib/gcc/nios2-elf/4.1.2/../../../../nios2-elf/lib/mno-hw-mul/libc.a(lib_a-dtoa.o)
                0x01007908                _dtoa_r
 .text          0x01008ebc       0xa0 /opt/altera/12.1sp1/nios2eds/bin/gnu/H-i686-pc-linux-gnu/bin/../lib/gcc/nios2-elf/4.1.2/../../../../nios2-elf/lib/mno-hw-mul/libc.a(lib_a-flags.o)
                0x01008ebc                __sflags
 .text          0x01008f5c      0x49c /opt/altera/12.1sp1/nios2eds/bin/gnu/H-i686-pc-linux-gnu/bin/../lib/gcc/nios2-elf/4.1.2/../../../../nios2-elf/lib/mno-hw-mul/libc.a(lib_a-fvwrite.o)
                0x01008f5c                __sfvwrite_r
 .text          0x010093f8       0x70 /opt/altera/12.1sp1/nios2eds/bin/gnu/H-i686-pc-linux-gnu/bin/../lib/gcc/nios2-elf/4.1.2/../../../../nios2-elf/lib/mno-hw-mul/libc.a(lib_a-isattyr.o)
                0x010093f8                _isatty_r
 .text          0x01009468       0x2c /opt/altera/12.1sp1/nios2eds/bin/gnu/H-i686-pc-linux-gnu/bin/../lib/gcc/nios2-elf/4.1.2/../../../../nios2-elf/lib/mno-hw-mul/libc.a(lib_a-iswspace.o)
                0x01009468                iswspace
 .text          0x01009494       0xc4 /opt/altera/12.1sp1/nios2eds/bin/gnu/H-i686-pc-linux-gnu/bin/../lib/gcc/nios2-elf/4.1.2/../../../../nios2-elf/lib/mno-hw-mul/libc.a(lib_a-locale.o)
                0x01009494                __locale_charset
                0x0100949c                _localeconv_r
                0x010094a8                localeconv
                0x010094b8                _setlocale_r
                0x0100953c                setlocale
 .text          0x01009558       0x78 /opt/altera/12.1sp1/nios2eds/bin/gnu/H-i686-pc-linux-gnu/bin/../lib/gcc/nios2-elf/4.1.2/../../../../nios2-elf/lib/mno-hw-mul/libc.a(lib_a-lseekr.o)
                0x01009558                _lseek_r
 .text          0x010095d0       0xc0 /opt/altera/12.1sp1/nios2eds/bin/gnu/H-i686-pc-linux-gnu/bin/../lib/gcc/nios2-elf/4.1.2/../../../../nios2-elf/lib/mno-hw-mul/libc.a(lib_a-mbrtowc.o)
                0x010095d0                _mbrtowc_r
                0x01009650                mbrtowc
 .text          0x01009690       0x40 /opt/altera/12.1sp1/nios2eds/bin/gnu/H-i686-pc-linux-gnu/bin/../lib/gcc/nios2-elf/4.1.2/../../../../nios2-elf/lib/mno-hw-mul/libc.a(lib_a-mbtowc_r.o)
                0x01009690                _mbtowc_r
 .text          0x010096d0       0xe0 /opt/altera/12.1sp1/nios2eds/bin/gnu/H-i686-pc-linux-gnu/bin/../lib/gcc/nios2-elf/4.1.2/../../../../nios2-elf/lib/mno-hw-mul/libc.a(lib_a-memmove.o)
                0x010096d0                memmove
 .text          0x010097b0     0x108c /opt/altera/12.1sp1/nios2eds/bin/gnu/H-i686-pc-linux-gnu/bin/../lib/gcc/nios2-elf/4.1.2/../../../../nios2-elf/lib/mno-hw-mul/libc.a(lib_a-mprec.o)
                0x010097b0                _Bfree
                0x010097d8                __hi0bits
                0x01009848                __lo0bits
                0x0100990c                __mcmp
                0x0100996c                __ulp
                0x010099ec                __b2d
                0x01009b0c                __ratio
                0x01009bbc                _mprec_log10
                0x01009c50                __copybits
                0x01009ca8                __any_on
                0x01009d30                _Balloc
                0x01009dec                __d2b
                0x01009f68                __mdiff
                0x0100a0f4                __lshift
                0x0100a240                __multiply
                0x0100a494                __i2b
                0x0100a4d0                __multadd
                0x0100a5fc                __pow5mult
                0x0100a71c                __s2b
 .text          0x0100a83c       0x78 /opt/altera/12.1sp1/nios2eds/bin/gnu/H-i686-pc-linux-gnu/bin/../lib/gcc/nios2-elf/4.1.2/../../../../nios2-elf/lib/mno-hw-mul/libc.a(lib_a-readr.o)
                0x0100a83c                _read_r
 .text          0x0100a8b4      0x5f4 /opt/altera/12.1sp1/nios2eds/bin/gnu/H-i686-pc-linux-gnu/bin/../lib/gcc/nios2-elf/4.1.2/../../../../nios2-elf/lib/mno-hw-mul/libc.a(lib_a-reallocr.o)
                0x0100a8b4                _realloc_r
 .text          0x0100aea8       0x40 /opt/altera/12.1sp1/nios2eds/bin/gnu/H-i686-pc-linux-gnu/bin/../lib/gcc/nios2-elf/4.1.2/../../../../nios2-elf/lib/mno-hw-mul/libc.a(lib_a-s_isinfd.o)
                0x0100aea8                __isinfd
 .text          0x0100aee8       0x30 /opt/altera/12.1sp1/nios2eds/bin/gnu/H-i686-pc-linux-gnu/bin/../lib/gcc/nios2-elf/4.1.2/../../../../nios2-elf/lib/mno-hw-mul/libc.a(lib_a-s_isnand.o)
                0x0100aee8                __isnand
 .text          0x0100af18       0xc0 /opt/altera/12.1sp1/nios2eds/bin/gnu/H-i686-pc-linux-gnu/bin/../lib/gcc/nios2-elf/4.1.2/../../../../nios2-elf/lib/mno-hw-mul/libc.a(lib_a-sccl.o)
                0x0100af18                __sccl
 .text          0x0100afd8        0x8 /opt/altera/12.1sp1/nios2eds/bin/gnu/H-i686-pc-linux-gnu/bin/../lib/gcc/nios2-elf/4.1.2/../../../../nios2-elf/lib/mno-hw-mul/libc.a(lib_a-sf_nan.o)
                0x0100afd8                nanf
 .text          0x0100afe0       0xd4 /opt/altera/12.1sp1/nios2eds/bin/gnu/H-i686-pc-linux-gnu/bin/../lib/gcc/nios2-elf/4.1.2/../../../../nios2-elf/lib/mno-hw-mul/libc.a(lib_a-sprintf.o)
                0x0100afe0                sprintf
                0x0100b054                _sprintf_r
 .text          0x0100b0b4       0xbc /opt/altera/12.1sp1/nios2eds/bin/gnu/H-i686-pc-linux-gnu/bin/../lib/gcc/nios2-elf/4.1.2/../../../../nios2-elf/lib/mno-hw-mul/libc.a(lib_a-strcmp.o)
                0x0100b0b4                strcmp
 .text          0x0100b170     0x1754 /opt/altera/12.1sp1/nios2eds/bin/gnu/H-i686-pc-linux-gnu/bin/../lib/gcc/nios2-elf/4.1.2/../../../../nios2-elf/lib/mno-hw-mul/libc.a(lib_a-strtod.o)
                0x0100b1b8                _strtod_r
                0x0100c784                strtof
                0x0100c8a8                strtod
 .text          0x0100c8c4      0x274 /opt/altera/12.1sp1/nios2eds/bin/gnu/H-i686-pc-linux-gnu/bin/../lib/gcc/nios2-elf/4.1.2/../../../../nios2-elf/lib/mno-hw-mul/libc.a(lib_a-strtol.o)
                0x0100c8c4                _strtol_r
                0x0100cb14                strtol
 .text          0x0100cb38      0x318 /opt/altera/12.1sp1/nios2eds/bin/gnu/H-i686-pc-linux-gnu/bin/../lib/gcc/nios2-elf/4.1.2/../../../../nios2-elf/lib/mno-hw-mul/libc.a(lib_a-strtoll_r.o)
                0x0100cb38                _strtoll_r
 .text          0x0100ce50      0x264 /opt/altera/12.1sp1/nios2eds/bin/gnu/H-i686-pc-linux-gnu/bin/../lib/gcc/nios2-elf/4.1.2/../../../../nios2-elf/lib/mno-hw-mul/libc.a(lib_a-strtoul.o)
                0x0100ce50                _strtoul_r
                0x0100d090                strtoul
 .text          0x0100d0b4      0x2f0 /opt/altera/12.1sp1/nios2eds/bin/gnu/H-i686-pc-linux-gnu/bin/../lib/gcc/nios2-elf/4.1.2/../../../../nios2-elf/lib/mno-hw-mul/libc.a(lib_a-strtoull_r.o)
                0x0100d0b4                _strtoull_r
 .text          0x0100d3a4      0x294 /opt/altera/12.1sp1/nios2eds/bin/gnu/H-i686-pc-linux-gnu/bin/../lib/gcc/nios2-elf/4.1.2/../../../../nios2-elf/lib/mno-hw-mul/libc.a(lib_a-ungetc.o)
                0x0100d3a4                __submore
                0x0100d480                _ungetc_r
                0x0100d61c                ungetc
 .text          0x0100d638      0x938 /opt/altera/12.1sp1/nios2eds/bin/gnu/H-i686-pc-linux-gnu/bin/../lib/gcc/nios2-elf/4.1.2/../../../../nios2-elf/lib/mno-hw-mul/libc.a(lib_a-gdtoa-gethex.o)
                0x0100d65c                __hexdig_init
                0x0100d774                __gethex
 .text          0x0100df70      0x294 /opt/altera/12.1sp1/nios2eds/bin/gnu/H-i686-pc-linux-gnu/bin/../lib/gcc/nios2-elf/4.1.2/../../../../nios2-elf/lib/mno-hw-mul/libc.a(lib_a-gdtoa-hexnan.o)
                0x0100dfbc                __hexnan
 .text          0x0100e204      0x124 /opt/altera/12.1sp1/nios2eds/bin/gnu/H-i686-pc-linux-gnu/bin/../lib/gcc/nios2-elf/4.1.2/mno-hw-mul/libgcc.a(_muldi3.o)
                0x0100e204                __muldi3
 .text          0x0100e328       0xa4 /opt/altera/12.1sp1/nios2eds/bin/gnu/H-i686-pc-linux-gnu/bin/../lib/gcc/nios2-elf/4.1.2/mno-hw-mul/libgcc.a(_fixunsdfsi.o)
                0x0100e328                __fixunsdfsi
 .text          0x0100e3cc      0x66c /opt/altera/12.1sp1/nios2eds/bin/gnu/H-i686-pc-linux-gnu/bin/../lib/gcc/nios2-elf/4.1.2/mno-hw-mul/libgcc.a(_udivdi3.o)
                0x0100e3cc                __udivdi3
 .text          0x0100ea38      0x660 /opt/altera/12.1sp1/nios2eds/bin/gnu/H-i686-pc-linux-gnu/bin/../lib/gcc/nios2-elf/4.1.2/mno-hw-mul/libgcc.a(_umoddi3.o)
                0x0100ea38                __umoddi3
 .text          0x0100f098       0x78 /opt/altera/12.1sp1/nios2eds/bin/gnu/H-i686-pc-linux-gnu/bin/../lib/gcc/nios2-elf/4.1.2/mno-hw-mul/libgcc.a(_ne_sf.o)
                0x0100f098                __nesf2
 .text          0x0100f110       0x78 /opt/altera/12.1sp1/nios2eds/bin/gnu/H-i686-pc-linux-gnu/bin/../lib/gcc/nios2-elf/4.1.2/mno-hw-mul/libgcc.a(_gt_sf.o)
                0x0100f110                __gtsf2
 .text          0x0100f188       0x78 /opt/altera/12.1sp1/nios2eds/bin/gnu/H-i686-pc-linux-gnu/bin/../lib/gcc/nios2-elf/4.1.2/mno-hw-mul/libgcc.a(_lt_sf.o)
                0x0100f188                __ltsf2
 .text          0x0100f200      0x504 /opt/altera/12.1sp1/nios2eds/bin/gnu/H-i686-pc-linux-gnu/bin/../lib/gcc/nios2-elf/4.1.2/mno-hw-mul/libgcc.a(_addsub_df.o)
                0x0100f610                __subdf3
                0x0100f690                __adddf3
 .text          0x0100f704      0x3c4 /opt/altera/12.1sp1/nios2eds/bin/gnu/H-i686-pc-linux-gnu/bin/../lib/gcc/nios2-elf/4.1.2/mno-hw-mul/libgcc.a(_mul_df.o)
                0x0100f704                __muldf3
 .text          0x0100fac8      0x258 /opt/altera/12.1sp1/nios2eds/bin/gnu/H-i686-pc-linux-gnu/bin/../lib/gcc/nios2-elf/4.1.2/mno-hw-mul/libgcc.a(_div_df.o)
                0x0100fac8                __divdf3
 .text          0x0100fd20       0x88 /opt/altera/12.1sp1/nios2eds/bin/gnu/H-i686-pc-linux-gnu/bin/../lib/gcc/nios2-elf/4.1.2/mno-hw-mul/libgcc.a(_eq_df.o)
                0x0100fd20                __eqdf2
 .text          0x0100fda8       0x88 /opt/altera/12.1sp1/nios2eds/bin/gnu/H-i686-pc-linux-gnu/bin/../lib/gcc/nios2-elf/4.1.2/mno-hw-mul/libgcc.a(_ne_df.o)
                0x0100fda8                __nedf2
 .text          0x0100fe30       0x88 /opt/altera/12.1sp1/nios2eds/bin/gnu/H-i686-pc-linux-gnu/bin/../lib/gcc/nios2-elf/4.1.2/mno-hw-mul/libgcc.a(_gt_df.o)
                0x0100fe30                __gtdf2
 .text          0x0100feb8       0x88 /opt/altera/12.1sp1/nios2eds/bin/gnu/H-i686-pc-linux-gnu/bin/../lib/gcc/nios2-elf/4.1.2/mno-hw-mul/libgcc.a(_ge_df.o)
                0x0100feb8                __gedf2
 .text          0x0100ff40       0x88 /opt/altera/12.1sp1/nios2eds/bin/gnu/H-i686-pc-linux-gnu/bin/../lib/gcc/nios2-elf/4.1.2/mno-hw-mul/libgcc.a(_lt_df.o)
                0x0100ff40                __ltdf2
 .text          0x0100ffc8       0x88 /opt/altera/12.1sp1/nios2eds/bin/gnu/H-i686-pc-linux-gnu/bin/../lib/gcc/nios2-elf/4.1.2/mno-hw-mul/libgcc.a(_le_df.o)
                0x0100ffc8                __ledf2
 .text          0x01010050       0xf8 /opt/altera/12.1sp1/nios2eds/bin/gnu/H-i686-pc-linux-gnu/bin/../lib/gcc/nios2-elf/4.1.2/mno-hw-mul/libgcc.a(_si_to_df.o)
                0x01010050                __floatsidf
 .text          0x01010148       0xd8 /opt/altera/12.1sp1/nios2eds/bin/gnu/H-i686-pc-linux-gnu/bin/../lib/gcc/nios2-elf/4.1.2/mno-hw-mul/libgcc.a(_df_to_si.o)
                0x01010148                __fixdfsi
 .text          0x01010220       0x74 /opt/altera/12.1sp1/nios2eds/bin/gnu/H-i686-pc-linux-gnu/bin/../lib/gcc/nios2-elf/4.1.2/mno-hw-mul/libgcc.a(_df_to_sf.o)
                0x01010220                __truncdfsf2
 .text          0x01010294        0x0 /opt/altera/12.1sp1/nios2eds/bin/gnu/H-i686-pc-linux-gnu/bin/../lib/gcc/nios2-elf/4.1.2/mno-hw-mul/libgcc.a(_thenan_df.o)
 .text          0x01010294      0x194 /opt/altera/12.1sp1/nios2eds/bin/gnu/H-i686-pc-linux-gnu/bin/../lib/gcc/nios2-elf/4.1.2/mno-hw-mul/libgcc.a(_usi_to_df.o)
                0x01010294                __floatunsidf
 .text          0x01010428        0x0 /opt/altera/12.1sp1/nios2eds/bin/gnu/H-i686-pc-linux-gnu/bin/../lib/gcc/nios2-elf/4.1.2/mno-hw-mul/libgcc.a(_clz.o)
 .text          0x01010428       0x80 /opt/altera/12.1sp1/nios2eds/bin/gnu/H-i686-pc-linux-gnu/bin/../lib/gcc/nios2-elf/4.1.2/mno-hw-mul/libgcc.a(_clzsi2.o)
                0x01010428                __clzsi2
 .text          0x010104a8       0xc8 /opt/altera/12.1sp1/nios2eds/bin/gnu/H-i686-pc-linux-gnu/bin/../lib/gcc/nios2-elf/4.1.2/mno-hw-mul/libgcc.a(_unpack_sf.o)
                0x010104a8                __unpack_f
 .text          0x01010570       0xa8 /opt/altera/12.1sp1/nios2eds/bin/gnu/H-i686-pc-linux-gnu/bin/../lib/gcc/nios2-elf/4.1.2/mno-hw-mul/libgcc.a(_fpcmp_parts_sf.o)
                0x01010570                __fpcmp_parts_f
 .text          0x01010618       0x2c /opt/altera/12.1sp1/nios2eds/bin/gnu/H-i686-pc-linux-gnu/bin/../lib/gcc/nios2-elf/4.1.2/mno-hw-mul/libgcc.a(_make_sf.o)
                0x01010618                __make_fp
 .text          0x01010644      0x314 /opt/altera/12.1sp1/nios2eds/bin/gnu/H-i686-pc-linux-gnu/bin/../lib/gcc/nios2-elf/4.1.2/mno-hw-mul/libgcc.a(_pack_df.o)
                0x01010644                __pack_d
 .text          0x01010958      0x138 /opt/altera/12.1sp1/nios2eds/bin/gnu/H-i686-pc-linux-gnu/bin/../lib/gcc/nios2-elf/4.1.2/mno-hw-mul/libgcc.a(_unpack_df.o)
                0x01010958                __unpack_d
 .text          0x01010a90       0xc8 /opt/altera/12.1sp1/nios2eds/bin/gnu/H-i686-pc-linux-gnu/bin/../lib/gcc/nios2-elf/4.1.2/mno-hw-mul/libgcc.a(_fpcmp_parts_df.o)
                0x01010a90                __fpcmp_parts_d
 .text          0x01010b58      0x160 /opt/altera/12.1sp1/nios2eds/bin/gnu/H-i686-pc-linux-gnu/bin/../lib/gcc/nios2-elf/4.1.2/mno-hw-mul/libgcc.a(_pack_sf.o)
                0x01010b58                __pack_f
 .text          0x01010cb8      0x160 ../cufuc_bsp//libhal_bsp.a(alt_close.o)
                0x01010cb8                close
 .text          0x01010e18       0x2c ../cufuc_bsp//libhal_bsp.a(alt_dev.o)
 .text          0x01010e44        0x0 ../cufuc_bsp//libhal_bsp.a(alt_errno.o)
 .text          0x01010e44       0x60 ../cufuc_bsp//libhal_bsp.a(alt_exit.o)
                0x01010e84                _exit
 .text          0x01010ea4      0x138 ../cufuc_bsp//libhal_bsp.a(alt_fstat.o)
                0x01010ea4                fstat
 .text          0x01010fdc      0x124 ../cufuc_bsp//libhal_bsp.a(alt_isatty.o)
                0x01010fdc                isatty
 .text          0x01011100       0xec ../cufuc_bsp//libhal_bsp.a(alt_load.o)
                0x01011100                alt_load
 .text          0x010111ec      0x154 ../cufuc_bsp//libhal_bsp.a(alt_lseek.o)
                0x010111ec                lseek
 .text          0x01011340       0x5c ../cufuc_bsp//libhal_bsp.a(alt_main.o)
                0x01011340                alt_main
 .text          0x0101139c       0x40 ../cufuc_bsp//libhal_bsp.a(alt_malloc_lock.o)
                0x0101139c                __malloc_lock
                0x010113bc                __malloc_unlock
 .text          0x010113dc      0x2e4 ../cufuc_bsp//libhal_bsp.a(alt_open.o)
                0x010114d4                open
 .text          0x010116c0      0x184 ../cufuc_bsp//libhal_bsp.a(alt_read.o)
                0x010116c0                read
 .text          0x01011844       0x78 ../cufuc_bsp//libhal_bsp.a(alt_release_fd.o)
                0x01011844                alt_release_fd
 .text          0x010118bc       0xbc ../cufuc_bsp//libhal_bsp.a(alt_sbrk.o)
                0x010118bc                sbrk
 .text          0x01011978      0x184 ../cufuc_bsp//libhal_bsp.a(alt_write.o)
                0x01011978                write
 .text          0x01011afc       0xe0 ../cufuc_bsp//libhal_bsp.a(alt_sys_init.o)
                0x01011afc                alt_irq_init
                0x01011b30                alt_sys_init
 .text          0x01011bdc       0xb0 ../cufuc_bsp//libhal_bsp.a(altera_avalon_jtag_uart_fd.o)
                0x01011bdc                altera_avalon_jtag_uart_read_fd
                0x01011c34                altera_avalon_jtag_uart_write_fd
 .text          0x01011c8c      0x104 ../cufuc_bsp//libhal_bsp.a(altera_avalon_jtag_uart_read.o)
                0x01011c8c                altera_avalon_jtag_uart_read
 .text          0x01011d90       0xa4 ../cufuc_bsp//libhal_bsp.a(altera_avalon_jtag_uart_write.o)
                0x01011d90                altera_avalon_jtag_uart_write
 .text          0x01011e34      0x100 ../cufuc_bsp//libhal_bsp.a(altera_avalon_timer_sc.o)
                0x01011ea4                alt_avalon_timer_sc_init
 .text          0x01011f34      0x270 ../cufuc_bsp//libhal_bsp.a(altera_avalon_timer_ts.o)
                0x01011f34                alt_timestamp_start
                0x01012000                alt_timestamp
                0x0101217c                alt_timestamp_freq
 .text          0x010121a4        0x0 ../cufuc_bsp//libhal_bsp.a(altera_avalon_timer_vars.o)
 .text          0x010121a4      0x5a0 ../cufuc_bsp//libhal_bsp.a(altera_hostfs.o)
                0x010121a4                alt_hostfs_open
                0x010122f8                alt_hostfs_close
                0x0101234c                alt_hostfs_read
                0x010123ec                alt_hostfs_write
                0x0101248c                alt_hostfs_seek
                0x0101252c                alt_hostfs_fstat
 .text          0x01012744       0x1c ../cufuc_bsp//libhal_bsp.a(alt_dcache_flush_all.o)
                0x01012744                alt_dcache_flush_all
 .text          0x01012760      0x114 ../cufuc_bsp//libhal_bsp.a(alt_dev_llist_insert.o)
                0x01012760                alt_dev_llist_insert
 .text          0x01012874       0x94 ../cufuc_bsp//libhal_bsp.a(alt_find_dev.o)
                0x01012874                alt_find_dev
 .text          0x01012908      0x120 ../cufuc_bsp//libhal_bsp.a(alt_find_file.o)
                0x01012908                alt_find_file
 .text          0x01012a28       0x90 ../cufuc_bsp//libhal_bsp.a(alt_fs_reg.o)
                0x01012a28                alt_fs_reg
 .text          0x01012ab8       0xd0 ../cufuc_bsp//libhal_bsp.a(alt_get_fd.o)
                0x01012ab8                alt_get_fd
 .text          0x01012b88       0x30 ../cufuc_bsp//libhal_bsp.a(alt_icache_flush_all.o)
                0x01012b88                alt_icache_flush_all
 .text          0x01012bb8      0x1d4 ../cufuc_bsp//libhal_bsp.a(alt_iic.o)
                0x01012bb8                alt_ic_isr_register
                0x01012c08                alt_ic_irq_enable
                0x01012ca4                alt_ic_irq_disable
                0x01012d44                alt_ic_irq_enabled
 .text          0x01012d8c       0xf8 ../cufuc_bsp//libhal_bsp.a(alt_iic_isr_register.o)
                0x01012d8c                alt_iic_isr_register
 .text          0x01012e84      0x150 ../cufuc_bsp//libhal_bsp.a(alt_io_redirect.o)
                0x01012f5c                alt_io_redirect
 .text          0x01012fd4        0x0 ../cufuc_bsp//libhal_bsp.a(alt_irq_entry.o)
 .text          0x01012fd4        0x0 ../cufuc_bsp//libhal_bsp.a(alt_irq_handler.o)
 .text          0x01012fd4        0x0 ../cufuc_bsp//libhal_bsp.a(alt_irq_vars.o)
 .text          0x01012fd4      0x1a4 ../cufuc_bsp//libhal_bsp.a(alt_tick.o)
                0x01012fd4                alt_alarm_stop
                0x0101306c                alt_tick
 .text          0x01013178       0x20 ../cufuc_bsp//libhal_bsp.a(altera_nios2_qsys_irq.o)
                0x01013178                altera_nios2_qsys_irq_init
 .text          0x01013198        0x0 ../cufuc_bsp//libhal_bsp.a(alt_exception_entry.o)
 .text          0x01013198       0x90 ../cufuc_bsp//libhal_bsp.a(alt_icache_flush.o)
                0x01013198                alt_icache_flush
 .text          0x01013228       0x74 /opt/altera/12.1sp1/nios2eds/bin/gnu/H-i686-pc-linux-gnu/bin/../lib/gcc/nios2-elf/4.1.2/../../../../nios2-elf/lib/mno-hw-mul/libc.a(lib_a-memcmp.o)
                0x01013228                memcmp
 *(.gnu.warning.*)
 *(.fini)
                0x0101329c                PROVIDE (__etext, ABSOLUTE (.))
                0x0101329c                PROVIDE (_etext, ABSOLUTE (.))
                0x0101329c                PROVIDE (etext, ABSOLUTE (.))
 *(.eh_frame_hdr)
                0x0101329c                . = ALIGN (0x4)
                0x0101329c                PROVIDE (__preinit_array_start, ABSOLUTE (.))
 *(.preinit_array)
                0x0101329c                PROVIDE (__preinit_array_end, ABSOLUTE (.))
                0x0101329c                PROVIDE (__init_array_start, ABSOLUTE (.))
 *(.init_array)
                0x0101329c                PROVIDE (__init_array_end, ABSOLUTE (.))
                0x0101329c                PROVIDE (__fini_array_start, ABSOLUTE (.))
 *(.fini_array)
                0x0101329c                PROVIDE (__fini_array_end, ABSOLUTE (.))
 *(.eh_frame)
 *(.gcc_except_table)
 *(.dynamic)
                0x0101329c                PROVIDE (__CTOR_LIST__, ABSOLUTE (.))
 *(.ctors)
 *(SORT(.ctors.*))
 .ctors.65535   0x0101329c        0x4 /opt/altera/12.1sp1/nios2eds/bin/gnu/H-i686-pc-linux-gnu/bin/../lib/gcc/nios2-elf/4.1.2/../../../../nios2-elf/lib/mno-hw-mul/libc.a(lib_a-__call_atexit.o)
                0x010132a0                PROVIDE (__CTOR_END__, ABSOLUTE (.))
                0x010132a0                PROVIDE (__DTOR_LIST__, ABSOLUTE (.))
 *(.dtors)
 *(SORT(.dtors.*))
                0x010132a0                PROVIDE (__DTOR_END__, ABSOLUTE (.))
 *(.jcr)
                0x010132a0                . = ALIGN (0x4)

.rodata         0x010132a0      0x87c
                0x010132a0                PROVIDE (__ram_rodata_start, ABSOLUTE (.))
                0x010132a0                . = ALIGN (0x4)
 *(.rodata .rodata.* .gnu.linkonce.r.*)
 .rodata        0x010132a0      0x234 obj/default/hello_world.o
 .rodata.str1.4
                0x010134d4        0x2 /opt/altera/12.1sp1/nios2eds/bin/gnu/H-i686-pc-linux-gnu/bin/../lib/gcc/nios2-elf/4.1.2/../../../../nios2-elf/lib/mno-hw-mul/libc.a(lib_a-impure.o)
                                  0x4 (size before relaxing)
 *fill*         0x010134d6        0x2 00
 .rodata.str1.4
                0x010134d8        0x2 /opt/altera/12.1sp1/nios2eds/bin/gnu/H-i686-pc-linux-gnu/bin/../lib/gcc/nios2-elf/4.1.2/../../../../nios2-elf/lib/mno-hw-mul/libc.a(lib_a-puts.o)
                                  0x4 (size before relaxing)
 *fill*         0x010134da        0x2 00
 .rodata.str1.4
                0x010134dc       0x5e /opt/altera/12.1sp1/nios2eds/bin/gnu/H-i686-pc-linux-gnu/bin/../lib/gcc/nios2-elf/4.1.2/../../../../nios2-elf/lib/mno-hw-mul/libc.a(lib_a-vfprintf.o)
                                 0x60 (size before relaxing)
 .rodata        0x0101353a       0x20 /opt/altera/12.1sp1/nios2eds/bin/gnu/H-i686-pc-linux-gnu/bin/../lib/gcc/nios2-elf/4.1.2/../../../../nios2-elf/lib/mno-hw-mul/libc.a(lib_a-vfprintf.o)
 *fill*         0x0101355a        0x2 00
 .rodata.str1.4
                0x0101355c        0x5 /opt/altera/12.1sp1/nios2eds/bin/gnu/H-i686-pc-linux-gnu/bin/../lib/gcc/nios2-elf/4.1.2/../../../../nios2-elf/lib/mno-hw-mul/libc.a(lib_a-vfscanf.o)
                                  0x8 (size before relaxing)
 *fill*         0x01013561        0x1 00
 .rodata        0x01013562       0x22 /opt/altera/12.1sp1/nios2eds/bin/gnu/H-i686-pc-linux-gnu/bin/../lib/gcc/nios2-elf/4.1.2/../../../../nios2-elf/lib/mno-hw-mul/libc.a(lib_a-vfscanf.o)
 .rodata        0x01013584      0x281 /opt/altera/12.1sp1/nios2eds/bin/gnu/H-i686-pc-linux-gnu/bin/../lib/gcc/nios2-elf/4.1.2/../../../../nios2-elf/lib/mno-hw-mul/libc.a(lib_a-ctype_.o)
                0x01013584                _ctype_
 *fill*         0x01013805        0x3 00
 .rodata.str1.4
                0x01013808       0x10 /opt/altera/12.1sp1/nios2eds/bin/gnu/H-i686-pc-linux-gnu/bin/../lib/gcc/nios2-elf/4.1.2/../../../../nios2-elf/lib/mno-hw-mul/libc.a(lib_a-dtoa.o)
                                 0x14 (size before relaxing)
 .rodata.str1.4
                0x01013818        0xf /opt/altera/12.1sp1/nios2eds/bin/gnu/H-i686-pc-linux-gnu/bin/../lib/gcc/nios2-elf/4.1.2/../../../../nios2-elf/lib/mno-hw-mul/libc.a(lib_a-locale.o)
                                 0x18 (size before relaxing)
 *fill*         0x01013827        0x1 00
 .rodata        0x01013828       0x30 /opt/altera/12.1sp1/nios2eds/bin/gnu/H-i686-pc-linux-gnu/bin/../lib/gcc/nios2-elf/4.1.2/../../../../nios2-elf/lib/mno-hw-mul/libc.a(lib_a-locale.o)
 .rodata.str1.4
                0x00000000        0x4 /opt/altera/12.1sp1/nios2eds/bin/gnu/H-i686-pc-linux-gnu/bin/../lib/gcc/nios2-elf/4.1.2/../../../../nios2-elf/lib/mno-hw-mul/libc.a(lib_a-mbrtowc.o)
 .rodata        0x01013858      0x124 /opt/altera/12.1sp1/nios2eds/bin/gnu/H-i686-pc-linux-gnu/bin/../lib/gcc/nios2-elf/4.1.2/../../../../nios2-elf/lib/mno-hw-mul/libc.a(lib_a-mprec.o)
                0x01013858                __mprec_tens
                0x01013920                __mprec_bigtens
                0x01013948                __mprec_tinytens
 .rodata.str1.4
                0x0101397c        0xf /opt/altera/12.1sp1/nios2eds/bin/gnu/H-i686-pc-linux-gnu/bin/../lib/gcc/nios2-elf/4.1.2/../../../../nios2-elf/lib/mno-hw-mul/libc.a(lib_a-strtod.o)
                                 0x10 (size before relaxing)
 *fill*         0x0101398b        0x1 00
 .rodata        0x0101398c       0x28 /opt/altera/12.1sp1/nios2eds/bin/gnu/H-i686-pc-linux-gnu/bin/../lib/gcc/nios2-elf/4.1.2/../../../../nios2-elf/lib/mno-hw-mul/libc.a(lib_a-strtod.o)
 .rodata.str1.4
                0x010139b4       0x1c /opt/altera/12.1sp1/nios2eds/bin/gnu/H-i686-pc-linux-gnu/bin/../lib/gcc/nios2-elf/4.1.2/../../../../nios2-elf/lib/mno-hw-mul/libc.a(lib_a-gdtoa-gethex.o)
 .rodata        0x010139d0       0x14 /opt/altera/12.1sp1/nios2eds/bin/gnu/H-i686-pc-linux-gnu/bin/../lib/gcc/nios2-elf/4.1.2/mno-hw-mul/libgcc.a(_thenan_df.o)
                0x010139d0                __thenan_df
 .rodata        0x010139e4      0x100 /opt/altera/12.1sp1/nios2eds/bin/gnu/H-i686-pc-linux-gnu/bin/../lib/gcc/nios2-elf/4.1.2/mno-hw-mul/libgcc.a(_clz.o)
                0x010139e4                __clz_tab
 .rodata        0x01013ae4        0xc ../cufuc_bsp//libhal_bsp.a(alt_dev.o)
 .rodata        0x01013af0       0x10 ../cufuc_bsp//libhal_bsp.a(alt_main.o)
 .rodata        0x01013b00       0x1c ../cufuc_bsp//libhal_bsp.a(alt_sys_init.o)
 *(.rodata1)
                0x01013b1c                . = ALIGN (0x4)
                0x01013b1c                PROVIDE (__ram_rodata_end, ABSOLUTE (.))
                0x010132a0                PROVIDE (__flash_rodata_start, LOADADDR (.rodata))

.rwdata         0x01013b1c      0xac4 load address 0x010145e0
                0x01013b1c                PROVIDE (__ram_rwdata_start, ABSOLUTE (.))
                0x01013b1c                . = ALIGN (0x4)
 *(.got.plt)
 *(.got)
 *(.data1)
 *(.data .data.* .gnu.linkonce.d.*)
 .data          0x01013b1c        0x0 ../cufuc_bsp//obj/HAL/src/crt0.o
 .data          0x01013b1c        0x0 obj/default/hello_world.o
 .data          0x01013b1c        0x0 /opt/altera/12.1sp1/nios2eds/bin/gnu/H-i686-pc-linux-gnu/bin/../lib/gcc/nios2-elf/4.1.2/mno-hw-mul/libgcc.a(lib2-divmod.o)
 .data          0x01013b1c        0x0 /opt/altera/12.1sp1/nios2eds/bin/gnu/H-i686-pc-linux-gnu/bin/../lib/gcc/nios2-elf/4.1.2/mno-hw-mul/libgcc.a(lib2-mul.o)
 .data          0x01013b1c        0x0 /opt/altera/12.1sp1/nios2eds/bin/gnu/H-i686-pc-linux-gnu/bin/../lib/gcc/nios2-elf/4.1.2/../../../../nios2-elf/lib/mno-hw-mul/libc.a(lib_a-calloc.o)
 .data          0x01013b1c        0x0 /opt/altera/12.1sp1/nios2eds/bin/gnu/H-i686-pc-linux-gnu/bin/../lib/gcc/nios2-elf/4.1.2/../../../../nios2-elf/lib/mno-hw-mul/libc.a(lib_a-callocr.o)
 .data          0x01013b1c        0x0 /opt/altera/12.1sp1/nios2eds/bin/gnu/H-i686-pc-linux-gnu/bin/../lib/gcc/nios2-elf/4.1.2/../../../../nios2-elf/lib/mno-hw-mul/libc.a(lib_a-exit.o)
 .data          0x01013b1c        0x0 /opt/altera/12.1sp1/nios2eds/bin/gnu/H-i686-pc-linux-gnu/bin/../lib/gcc/nios2-elf/4.1.2/../../../../nios2-elf/lib/mno-hw-mul/libc.a(lib_a-fclose.o)
 .data          0x01013b1c        0x0 /opt/altera/12.1sp1/nios2eds/bin/gnu/H-i686-pc-linux-gnu/bin/../lib/gcc/nios2-elf/4.1.2/../../../../nios2-elf/lib/mno-hw-mul/libc.a(lib_a-fflush.o)
 .data          0x01013b1c        0x0 /opt/altera/12.1sp1/nios2eds/bin/gnu/H-i686-pc-linux-gnu/bin/../lib/gcc/nios2-elf/4.1.2/../../../../nios2-elf/lib/mno-hw-mul/libc.a(lib_a-fgets.o)
 .data          0x01013b1c        0x0 /opt/altera/12.1sp1/nios2eds/bin/gnu/H-i686-pc-linux-gnu/bin/../lib/gcc/nios2-elf/4.1.2/../../../../nios2-elf/lib/mno-hw-mul/libc.a(lib_a-findfp.o)
 .data          0x01013b1c        0x0 /opt/altera/12.1sp1/nios2eds/bin/gnu/H-i686-pc-linux-gnu/bin/../lib/gcc/nios2-elf/4.1.2/../../../../nios2-elf/lib/mno-hw-mul/libc.a(lib_a-fopen.o)
 .data          0x01013b1c        0x0 /opt/altera/12.1sp1/nios2eds/bin/gnu/H-i686-pc-linux-gnu/bin/../lib/gcc/nios2-elf/4.1.2/../../../../nios2-elf/lib/mno-hw-mul/libc.a(lib_a-fprintf.o)
 .data          0x01013b1c        0x0 /opt/altera/12.1sp1/nios2eds/bin/gnu/H-i686-pc-linux-gnu/bin/../lib/gcc/nios2-elf/4.1.2/../../../../nios2-elf/lib/mno-hw-mul/libc.a(lib_a-fread.o)
 .data          0x01013b1c        0x0 /opt/altera/12.1sp1/nios2eds/bin/gnu/H-i686-pc-linux-gnu/bin/../lib/gcc/nios2-elf/4.1.2/../../../../nios2-elf/lib/mno-hw-mul/libc.a(lib_a-freer.o)
 .data          0x01013b1c        0x0 /opt/altera/12.1sp1/nios2eds/bin/gnu/H-i686-pc-linux-gnu/bin/../lib/gcc/nios2-elf/4.1.2/../../../../nios2-elf/lib/mno-hw-mul/libc.a(lib_a-fscanf.o)
 .data          0x01013b1c        0x0 /opt/altera/12.1sp1/nios2eds/bin/gnu/H-i686-pc-linux-gnu/bin/../lib/gcc/nios2-elf/4.1.2/../../../../nios2-elf/lib/mno-hw-mul/libc.a(lib_a-fseek.o)
 .data          0x01013b1c        0x0 /opt/altera/12.1sp1/nios2eds/bin/gnu/H-i686-pc-linux-gnu/bin/../lib/gcc/nios2-elf/4.1.2/../../../../nios2-elf/lib/mno-hw-mul/libc.a(lib_a-fstatr.o)
 .data          0x01013b1c        0x0 /opt/altera/12.1sp1/nios2eds/bin/gnu/H-i686-pc-linux-gnu/bin/../lib/gcc/nios2-elf/4.1.2/../../../../nios2-elf/lib/mno-hw-mul/libc.a(lib_a-fwalk.o)
 .data          0x01013b1c        0x0 /opt/altera/12.1sp1/nios2eds/bin/gnu/H-i686-pc-linux-gnu/bin/../lib/gcc/nios2-elf/4.1.2/../../../../nios2-elf/lib/mno-hw-mul/libc.a(lib_a-fwrite.o)
 .data          0x01013b1c      0x400 /opt/altera/12.1sp1/nios2eds/bin/gnu/H-i686-pc-linux-gnu/bin/../lib/gcc/nios2-elf/4.1.2/../../../../nios2-elf/lib/mno-hw-mul/libc.a(lib_a-impure.o)
 .data          0x01013f1c        0x0 /opt/altera/12.1sp1/nios2eds/bin/gnu/H-i686-pc-linux-gnu/bin/../lib/gcc/nios2-elf/4.1.2/../../../../nios2-elf/lib/mno-hw-mul/libc.a(lib_a-int_errno.o)
 .data          0x01013f1c        0x0 /opt/altera/12.1sp1/nios2eds/bin/gnu/H-i686-pc-linux-gnu/bin/../lib/gcc/nios2-elf/4.1.2/../../../../nios2-elf/lib/mno-hw-mul/libc.a(lib_a-makebuf.o)
 .data          0x01013f1c        0x0 /opt/altera/12.1sp1/nios2eds/bin/gnu/H-i686-pc-linux-gnu/bin/../lib/gcc/nios2-elf/4.1.2/../../../../nios2-elf/lib/mno-hw-mul/libc.a(lib_a-malloc.o)
 .data          0x01013f1c      0x408 /opt/altera/12.1sp1/nios2eds/bin/gnu/H-i686-pc-linux-gnu/bin/../lib/gcc/nios2-elf/4.1.2/../../../../nios2-elf/lib/mno-hw-mul/libc.a(lib_a-mallocr.o)
                0x01013f1c                __malloc_av_
 .data          0x01014324        0x0 /opt/altera/12.1sp1/nios2eds/bin/gnu/H-i686-pc-linux-gnu/bin/../lib/gcc/nios2-elf/4.1.2/../../../../nios2-elf/lib/mno-hw-mul/libc.a(lib_a-memchr.o)
 .data          0x01014324        0x0 /opt/altera/12.1sp1/nios2eds/bin/gnu/H-i686-pc-linux-gnu/bin/../lib/gcc/nios2-elf/4.1.2/../../../../nios2-elf/lib/mno-hw-mul/libc.a(lib_a-memcpy.o)
 .data          0x01014324        0x0 /opt/altera/12.1sp1/nios2eds/bin/gnu/H-i686-pc-linux-gnu/bin/../lib/gcc/nios2-elf/4.1.2/../../../../nios2-elf/lib/mno-hw-mul/libc.a(lib_a-memset.o)
 .data          0x01014324        0x0 /opt/altera/12.1sp1/nios2eds/bin/gnu/H-i686-pc-linux-gnu/bin/../lib/gcc/nios2-elf/4.1.2/../../../../nios2-elf/lib/mno-hw-mul/libc.a(lib_a-openr.o)
 .data          0x01014324        0x0 /opt/altera/12.1sp1/nios2eds/bin/gnu/H-i686-pc-linux-gnu/bin/../lib/gcc/nios2-elf/4.1.2/../../../../nios2-elf/lib/mno-hw-mul/libc.a(lib_a-printf.o)
 .data          0x01014324        0x0 /opt/altera/12.1sp1/nios2eds/bin/gnu/H-i686-pc-linux-gnu/bin/../lib/gcc/nios2-elf/4.1.2/../../../../nios2-elf/lib/mno-hw-mul/libc.a(lib_a-puts.o)
 .data          0x01014324        0x0 /opt/altera/12.1sp1/nios2eds/bin/gnu/H-i686-pc-linux-gnu/bin/../lib/gcc/nios2-elf/4.1.2/../../../../nios2-elf/lib/mno-hw-mul/libc.a(lib_a-refill.o)
 .data          0x01014324        0x0 /opt/altera/12.1sp1/nios2eds/bin/gnu/H-i686-pc-linux-gnu/bin/../lib/gcc/nios2-elf/4.1.2/../../../../nios2-elf/lib/mno-hw-mul/libc.a(lib_a-sbrkr.o)
 .data          0x01014324        0x0 /opt/altera/12.1sp1/nios2eds/bin/gnu/H-i686-pc-linux-gnu/bin/../lib/gcc/nios2-elf/4.1.2/../../../../nios2-elf/lib/mno-hw-mul/libc.a(lib_a-sscanf.o)
 .data          0x01014324        0x0 /opt/altera/12.1sp1/nios2eds/bin/gnu/H-i686-pc-linux-gnu/bin/../lib/gcc/nios2-elf/4.1.2/../../../../nios2-elf/lib/mno-hw-mul/libc.a(lib_a-stdio.o)
 .data          0x01014324        0x0 /opt/altera/12.1sp1/nios2eds/bin/gnu/H-i686-pc-linux-gnu/bin/../lib/gcc/nios2-elf/4.1.2/../../../../nios2-elf/lib/mno-hw-mul/libc.a(lib_a-strlen.o)
 .data          0x01014324        0x0 /opt/altera/12.1sp1/nios2eds/bin/gnu/H-i686-pc-linux-gnu/bin/../lib/gcc/nios2-elf/4.1.2/../../../../nios2-elf/lib/mno-hw-mul/libc.a(lib_a-strncmp.o)
 .data          0x01014324        0x0 /opt/altera/12.1sp1/nios2eds/bin/gnu/H-i686-pc-linux-gnu/bin/../lib/gcc/nios2-elf/4.1.2/../../../../nios2-elf/lib/mno-hw-mul/libc.a(lib_a-vfprintf.o)
 .data          0x01014324        0x0 /opt/altera/12.1sp1/nios2eds/bin/gnu/H-i686-pc-linux-gnu/bin/../lib/gcc/nios2-elf/4.1.2/../../../../nios2-elf/lib/mno-hw-mul/libc.a(lib_a-vfscanf.o)
 .data          0x01014324        0x0 /opt/altera/12.1sp1/nios2eds/bin/gnu/H-i686-pc-linux-gnu/bin/../lib/gcc/nios2-elf/4.1.2/../../../../nios2-elf/lib/mno-hw-mul/libc.a(lib_a-writer.o)
 .data          0x01014324        0x0 /opt/altera/12.1sp1/nios2eds/bin/gnu/H-i686-pc-linux-gnu/bin/../lib/gcc/nios2-elf/4.1.2/../../../../nios2-elf/lib/mno-hw-mul/libc.a(lib_a-wsetup.o)
 .data          0x01014324        0x0 /opt/altera/12.1sp1/nios2eds/bin/gnu/H-i686-pc-linux-gnu/bin/../lib/gcc/nios2-elf/4.1.2/../../../../nios2-elf/lib/mno-hw-mul/libc.a(lib_a-__call_atexit.o)
 .data          0x01014324        0x0 /opt/altera/12.1sp1/nios2eds/bin/gnu/H-i686-pc-linux-gnu/bin/../lib/gcc/nios2-elf/4.1.2/../../../../nios2-elf/lib/mno-hw-mul/libc.a(lib_a-closer.o)
 .data          0x01014324        0x0 /opt/altera/12.1sp1/nios2eds/bin/gnu/H-i686-pc-linux-gnu/bin/../lib/gcc/nios2-elf/4.1.2/../../../../nios2-elf/lib/mno-hw-mul/libc.a(lib_a-ctype_.o)
 .data          0x01014324        0x0 /opt/altera/12.1sp1/nios2eds/bin/gnu/H-i686-pc-linux-gnu/bin/../lib/gcc/nios2-elf/4.1.2/../../../../nios2-elf/lib/mno-hw-mul/libc.a(lib_a-dtoa.o)
 .data          0x01014324        0x0 /opt/altera/12.1sp1/nios2eds/bin/gnu/H-i686-pc-linux-gnu/bin/../lib/gcc/nios2-elf/4.1.2/../../../../nios2-elf/lib/mno-hw-mul/libc.a(lib_a-flags.o)
 .data          0x01014324        0x0 /opt/altera/12.1sp1/nios2eds/bin/gnu/H-i686-pc-linux-gnu/bin/../lib/gcc/nios2-elf/4.1.2/../../../../nios2-elf/lib/mno-hw-mul/libc.a(lib_a-fvwrite.o)
 .data          0x01014324        0x0 /opt/altera/12.1sp1/nios2eds/bin/gnu/H-i686-pc-linux-gnu/bin/../lib/gcc/nios2-elf/4.1.2/../../../../nios2-elf/lib/mno-hw-mul/libc.a(lib_a-isattyr.o)
 .data          0x01014324        0x0 /opt/altera/12.1sp1/nios2eds/bin/gnu/H-i686-pc-linux-gnu/bin/../lib/gcc/nios2-elf/4.1.2/../../../../nios2-elf/lib/mno-hw-mul/libc.a(lib_a-iswspace.o)
 .data          0x01014324        0xc /opt/altera/12.1sp1/nios2eds/bin/gnu/H-i686-pc-linux-gnu/bin/../lib/gcc/nios2-elf/4.1.2/../../../../nios2-elf/lib/mno-hw-mul/libc.a(lib_a-locale.o)
                0x01014324                __lc_ctype
 .data          0x01014330        0x0 /opt/altera/12.1sp1/nios2eds/bin/gnu/H-i686-pc-linux-gnu/bin/../lib/gcc/nios2-elf/4.1.2/../../../../nios2-elf/lib/mno-hw-mul/libc.a(lib_a-lseekr.o)
 .data          0x01014330        0x0 /opt/altera/12.1sp1/nios2eds/bin/gnu/H-i686-pc-linux-gnu/bin/../lib/gcc/nios2-elf/4.1.2/../../../../nios2-elf/lib/mno-hw-mul/libc.a(lib_a-mbrtowc.o)
 .data          0x01014330        0x0 /opt/altera/12.1sp1/nios2eds/bin/gnu/H-i686-pc-linux-gnu/bin/../lib/gcc/nios2-elf/4.1.2/../../../../nios2-elf/lib/mno-hw-mul/libc.a(lib_a-mbtowc_r.o)
 .data          0x01014330        0x0 /opt/altera/12.1sp1/nios2eds/bin/gnu/H-i686-pc-linux-gnu/bin/../lib/gcc/nios2-elf/4.1.2/../../../../nios2-elf/lib/mno-hw-mul/libc.a(lib_a-memmove.o)
 .data          0x01014330        0x0 /opt/altera/12.1sp1/nios2eds/bin/gnu/H-i686-pc-linux-gnu/bin/../lib/gcc/nios2-elf/4.1.2/../../../../nios2-elf/lib/mno-hw-mul/libc.a(lib_a-mprec.o)
 .data          0x01014330        0x0 /opt/altera/12.1sp1/nios2eds/bin/gnu/H-i686-pc-linux-gnu/bin/../lib/gcc/nios2-elf/4.1.2/../../../../nios2-elf/lib/mno-hw-mul/libc.a(lib_a-readr.o)
 .data          0x01014330        0x0 /opt/altera/12.1sp1/nios2eds/bin/gnu/H-i686-pc-linux-gnu/bin/../lib/gcc/nios2-elf/4.1.2/../../../../nios2-elf/lib/mno-hw-mul/libc.a(lib_a-reallocr.o)
 .data          0x01014330        0x0 /opt/altera/12.1sp1/nios2eds/bin/gnu/H-i686-pc-linux-gnu/bin/../lib/gcc/nios2-elf/4.1.2/../../../../nios2-elf/lib/mno-hw-mul/libc.a(lib_a-s_isinfd.o)
 .data          0x01014330        0x0 /opt/altera/12.1sp1/nios2eds/bin/gnu/H-i686-pc-linux-gnu/bin/../lib/gcc/nios2-elf/4.1.2/../../../../nios2-elf/lib/mno-hw-mul/libc.a(lib_a-s_isnand.o)
 .data          0x01014330        0x0 /opt/altera/12.1sp1/nios2eds/bin/gnu/H-i686-pc-linux-gnu/bin/../lib/gcc/nios2-elf/4.1.2/../../../../nios2-elf/lib/mno-hw-mul/libc.a(lib_a-sccl.o)
 .data          0x01014330        0x0 /opt/altera/12.1sp1/nios2eds/bin/gnu/H-i686-pc-linux-gnu/bin/../lib/gcc/nios2-elf/4.1.2/../../../../nios2-elf/lib/mno-hw-mul/libc.a(lib_a-sf_nan.o)
 .data          0x01014330        0x0 /opt/altera/12.1sp1/nios2eds/bin/gnu/H-i686-pc-linux-gnu/bin/../lib/gcc/nios2-elf/4.1.2/../../../../nios2-elf/lib/mno-hw-mul/libc.a(lib_a-sprintf.o)
 .data          0x01014330        0x0 /opt/altera/12.1sp1/nios2eds/bin/gnu/H-i686-pc-linux-gnu/bin/../lib/gcc/nios2-elf/4.1.2/../../../../nios2-elf/lib/mno-hw-mul/libc.a(lib_a-strcmp.o)
 .data          0x01014330       0x28 /opt/altera/12.1sp1/nios2eds/bin/gnu/H-i686-pc-linux-gnu/bin/../lib/gcc/nios2-elf/4.1.2/../../../../nios2-elf/lib/mno-hw-mul/libc.a(lib_a-strtod.o)
 .data          0x01014358        0x0 /opt/altera/12.1sp1/nios2eds/bin/gnu/H-i686-pc-linux-gnu/bin/../lib/gcc/nios2-elf/4.1.2/../../../../nios2-elf/lib/mno-hw-mul/libc.a(lib_a-strtol.o)
 .data          0x01014358        0x0 /opt/altera/12.1sp1/nios2eds/bin/gnu/H-i686-pc-linux-gnu/bin/../lib/gcc/nios2-elf/4.1.2/../../../../nios2-elf/lib/mno-hw-mul/libc.a(lib_a-strtoll_r.o)
 .data          0x01014358        0x0 /opt/altera/12.1sp1/nios2eds/bin/gnu/H-i686-pc-linux-gnu/bin/../lib/gcc/nios2-elf/4.1.2/../../../../nios2-elf/lib/mno-hw-mul/libc.a(lib_a-strtoul.o)
 .data          0x01014358        0x0 /opt/altera/12.1sp1/nios2eds/bin/gnu/H-i686-pc-linux-gnu/bin/../lib/gcc/nios2-elf/4.1.2/../../../../nios2-elf/lib/mno-hw-mul/libc.a(lib_a-strtoull_r.o)
 .data          0x01014358        0x0 /opt/altera/12.1sp1/nios2eds/bin/gnu/H-i686-pc-linux-gnu/bin/../lib/gcc/nios2-elf/4.1.2/../../../../nios2-elf/lib/mno-hw-mul/libc.a(lib_a-ungetc.o)
 .data          0x01014358        0x0 /opt/altera/12.1sp1/nios2eds/bin/gnu/H-i686-pc-linux-gnu/bin/../lib/gcc/nios2-elf/4.1.2/../../../../nios2-elf/lib/mno-hw-mul/libc.a(lib_a-gdtoa-gethex.o)
 .data          0x01014358        0x0 /opt/altera/12.1sp1/nios2eds/bin/gnu/H-i686-pc-linux-gnu/bin/../lib/gcc/nios2-elf/4.1.2/../../../../nios2-elf/lib/mno-hw-mul/libc.a(lib_a-gdtoa-hexnan.o)
 .data          0x01014358        0x0 /opt/altera/12.1sp1/nios2eds/bin/gnu/H-i686-pc-linux-gnu/bin/../lib/gcc/nios2-elf/4.1.2/mno-hw-mul/libgcc.a(_muldi3.o)
 .data          0x01014358        0x0 /opt/altera/12.1sp1/nios2eds/bin/gnu/H-i686-pc-linux-gnu/bin/../lib/gcc/nios2-elf/4.1.2/mno-hw-mul/libgcc.a(_fixunsdfsi.o)
 .data          0x01014358        0x0 /opt/altera/12.1sp1/nios2eds/bin/gnu/H-i686-pc-linux-gnu/bin/../lib/gcc/nios2-elf/4.1.2/mno-hw-mul/libgcc.a(_udivdi3.o)
 .data          0x01014358        0x0 /opt/altera/12.1sp1/nios2eds/bin/gnu/H-i686-pc-linux-gnu/bin/../lib/gcc/nios2-elf/4.1.2/mno-hw-mul/libgcc.a(_umoddi3.o)
 .data          0x01014358        0x0 /opt/altera/12.1sp1/nios2eds/bin/gnu/H-i686-pc-linux-gnu/bin/../lib/gcc/nios2-elf/4.1.2/mno-hw-mul/libgcc.a(_ne_sf.o)
 .data          0x01014358        0x0 /opt/altera/12.1sp1/nios2eds/bin/gnu/H-i686-pc-linux-gnu/bin/../lib/gcc/nios2-elf/4.1.2/mno-hw-mul/libgcc.a(_gt_sf.o)
 .data          0x01014358        0x0 /opt/altera/12.1sp1/nios2eds/bin/gnu/H-i686-pc-linux-gnu/bin/../lib/gcc/nios2-elf/4.1.2/mno-hw-mul/libgcc.a(_lt_sf.o)
 .data          0x01014358        0x0 /opt/altera/12.1sp1/nios2eds/bin/gnu/H-i686-pc-linux-gnu/bin/../lib/gcc/nios2-elf/4.1.2/mno-hw-mul/libgcc.a(_addsub_df.o)
 .data          0x01014358        0x0 /opt/altera/12.1sp1/nios2eds/bin/gnu/H-i686-pc-linux-gnu/bin/../lib/gcc/nios2-elf/4.1.2/mno-hw-mul/libgcc.a(_mul_df.o)
 .data          0x01014358        0x0 /opt/altera/12.1sp1/nios2eds/bin/gnu/H-i686-pc-linux-gnu/bin/../lib/gcc/nios2-elf/4.1.2/mno-hw-mul/libgcc.a(_div_df.o)
 .data          0x01014358        0x0 /opt/altera/12.1sp1/nios2eds/bin/gnu/H-i686-pc-linux-gnu/bin/../lib/gcc/nios2-elf/4.1.2/mno-hw-mul/libgcc.a(_eq_df.o)
 .data          0x01014358        0x0 /opt/altera/12.1sp1/nios2eds/bin/gnu/H-i686-pc-linux-gnu/bin/../lib/gcc/nios2-elf/4.1.2/mno-hw-mul/libgcc.a(_ne_df.o)
 .data          0x01014358        0x0 /opt/altera/12.1sp1/nios2eds/bin/gnu/H-i686-pc-linux-gnu/bin/../lib/gcc/nios2-elf/4.1.2/mno-hw-mul/libgcc.a(_gt_df.o)
 .data          0x01014358        0x0 /opt/altera/12.1sp1/nios2eds/bin/gnu/H-i686-pc-linux-gnu/bin/../lib/gcc/nios2-elf/4.1.2/mno-hw-mul/libgcc.a(_ge_df.o)
 .data          0x01014358        0x0 /opt/altera/12.1sp1/nios2eds/bin/gnu/H-i686-pc-linux-gnu/bin/../lib/gcc/nios2-elf/4.1.2/mno-hw-mul/libgcc.a(_lt_df.o)
 .data          0x01014358        0x0 /opt/altera/12.1sp1/nios2eds/bin/gnu/H-i686-pc-linux-gnu/bin/../lib/gcc/nios2-elf/4.1.2/mno-hw-mul/libgcc.a(_le_df.o)
 .data          0x01014358        0x0 /opt/altera/12.1sp1/nios2eds/bin/gnu/H-i686-pc-linux-gnu/bin/../lib/gcc/nios2-elf/4.1.2/mno-hw-mul/libgcc.a(_si_to_df.o)
 .data          0x01014358        0x0 /opt/altera/12.1sp1/nios2eds/bin/gnu/H-i686-pc-linux-gnu/bin/../lib/gcc/nios2-elf/4.1.2/mno-hw-mul/libgcc.a(_df_to_si.o)
 .data          0x01014358        0x0 /opt/altera/12.1sp1/nios2eds/bin/gnu/H-i686-pc-linux-gnu/bin/../lib/gcc/nios2-elf/4.1.2/mno-hw-mul/libgcc.a(_df_to_sf.o)
 .data          0x01014358        0x0 /opt/altera/12.1sp1/nios2eds/bin/gnu/H-i686-pc-linux-gnu/bin/../lib/gcc/nios2-elf/4.1.2/mno-hw-mul/libgcc.a(_thenan_df.o)
 .data          0x01014358        0x0 /opt/altera/12.1sp1/nios2eds/bin/gnu/H-i686-pc-linux-gnu/bin/../lib/gcc/nios2-elf/4.1.2/mno-hw-mul/libgcc.a(_usi_to_df.o)
 .data          0x01014358        0x0 /opt/altera/12.1sp1/nios2eds/bin/gnu/H-i686-pc-linux-gnu/bin/../lib/gcc/nios2-elf/4.1.2/mno-hw-mul/libgcc.a(_clz.o)
 .data          0x01014358        0x0 /opt/altera/12.1sp1/nios2eds/bin/gnu/H-i686-pc-linux-gnu/bin/../lib/gcc/nios2-elf/4.1.2/mno-hw-mul/libgcc.a(_clzsi2.o)
 .data          0x01014358        0x0 /opt/altera/12.1sp1/nios2eds/bin/gnu/H-i686-pc-linux-gnu/bin/../lib/gcc/nios2-elf/4.1.2/mno-hw-mul/libgcc.a(_unpack_sf.o)
 .data          0x01014358        0x0 /opt/altera/12.1sp1/nios2eds/bin/gnu/H-i686-pc-linux-gnu/bin/../lib/gcc/nios2-elf/4.1.2/mno-hw-mul/libgcc.a(_fpcmp_parts_sf.o)
 .data          0x01014358        0x0 /opt/altera/12.1sp1/nios2eds/bin/gnu/H-i686-pc-linux-gnu/bin/../lib/gcc/nios2-elf/4.1.2/mno-hw-mul/libgcc.a(_make_sf.o)
 .data          0x01014358        0x0 /opt/altera/12.1sp1/nios2eds/bin/gnu/H-i686-pc-linux-gnu/bin/../lib/gcc/nios2-elf/4.1.2/mno-hw-mul/libgcc.a(_pack_df.o)
 .data          0x01014358        0x0 /opt/altera/12.1sp1/nios2eds/bin/gnu/H-i686-pc-linux-gnu/bin/../lib/gcc/nios2-elf/4.1.2/mno-hw-mul/libgcc.a(_unpack_df.o)
 .data          0x01014358        0x0 /opt/altera/12.1sp1/nios2eds/bin/gnu/H-i686-pc-linux-gnu/bin/../lib/gcc/nios2-elf/4.1.2/mno-hw-mul/libgcc.a(_fpcmp_parts_df.o)
 .data          0x01014358        0x0 /opt/altera/12.1sp1/nios2eds/bin/gnu/H-i686-pc-linux-gnu/bin/../lib/gcc/nios2-elf/4.1.2/mno-hw-mul/libgcc.a(_pack_sf.o)
 .data          0x01014358        0x0 ../cufuc_bsp//libhal_bsp.a(alt_close.o)
 .data          0x01014358      0x1a8 ../cufuc_bsp//libhal_bsp.a(alt_dev.o)
                0x01014358                alt_dev_null
                0x01014380                alt_fd_list
 .data          0x01014500        0x0 ../cufuc_bsp//libhal_bsp.a(alt_errno.o)
 .data          0x01014500        0x0 ../cufuc_bsp//libhal_bsp.a(alt_exit.o)
 .data          0x01014500        0x0 ../cufuc_bsp//libhal_bsp.a(alt_fstat.o)
 .data          0x01014500        0x0 ../cufuc_bsp//libhal_bsp.a(alt_isatty.o)
 .data          0x01014500        0x0 ../cufuc_bsp//libhal_bsp.a(alt_load.o)
 .data          0x01014500        0x0 ../cufuc_bsp//libhal_bsp.a(alt_lseek.o)
 .data          0x01014500        0x0 ../cufuc_bsp//libhal_bsp.a(alt_main.o)
 .data          0x01014500        0x0 ../cufuc_bsp//libhal_bsp.a(alt_malloc_lock.o)
 .data          0x01014500        0x0 ../cufuc_bsp//libhal_bsp.a(alt_open.o)
 .data          0x01014500        0x0 ../cufuc_bsp//libhal_bsp.a(alt_read.o)
 .data          0x01014500        0x0 ../cufuc_bsp//libhal_bsp.a(alt_release_fd.o)
 .data          0x01014500        0x0 ../cufuc_bsp//libhal_bsp.a(alt_sbrk.o)
 .data          0x01014500        0x0 ../cufuc_bsp//libhal_bsp.a(alt_write.o)
 .data          0x01014500       0x54 ../cufuc_bsp//libhal_bsp.a(alt_sys_init.o)
 .data          0x01014554        0x0 ../cufuc_bsp//libhal_bsp.a(altera_avalon_jtag_uart_fd.o)
 .data          0x01014554        0x0 ../cufuc_bsp//libhal_bsp.a(altera_avalon_jtag_uart_read.o)
 .data          0x01014554        0x0 ../cufuc_bsp//libhal_bsp.a(altera_avalon_jtag_uart_write.o)
 .data          0x01014554        0x0 ../cufuc_bsp//libhal_bsp.a(altera_avalon_timer_sc.o)
 .data          0x01014554        0x0 ../cufuc_bsp//libhal_bsp.a(altera_avalon_timer_ts.o)
 .data          0x01014554        0x0 ../cufuc_bsp//libhal_bsp.a(altera_avalon_timer_vars.o)
 .data          0x01014554        0x0 ../cufuc_bsp//libhal_bsp.a(altera_hostfs.o)
 .data          0x01014554        0x0 ../cufuc_bsp//libhal_bsp.a(alt_dcache_flush_all.o)
 .data          0x01014554        0x0 ../cufuc_bsp//libhal_bsp.a(alt_dev_llist_insert.o)
 .data          0x01014554        0x0 ../cufuc_bsp//libhal_bsp.a(alt_find_dev.o)
 .data          0x01014554        0x0 ../cufuc_bsp//libhal_bsp.a(alt_find_file.o)
 .data          0x01014554        0x0 ../cufuc_bsp//libhal_bsp.a(alt_fs_reg.o)
 .data          0x01014554        0x0 ../cufuc_bsp//libhal_bsp.a(alt_get_fd.o)
 .data          0x01014554        0x0 ../cufuc_bsp//libhal_bsp.a(alt_icache_flush_all.o)
 .data          0x01014554        0x0 ../cufuc_bsp//libhal_bsp.a(alt_iic.o)
 .data          0x01014554        0x0 ../cufuc_bsp//libhal_bsp.a(alt_iic_isr_register.o)
 .data          0x01014554        0x0 ../cufuc_bsp//libhal_bsp.a(alt_io_redirect.o)
 .data          0x01014554        0x0 ../cufuc_bsp//libhal_bsp.a(alt_irq_entry.o)
 .data          0x01014554        0x0 ../cufuc_bsp//libhal_bsp.a(alt_irq_handler.o)
 .data          0x01014554        0x0 ../cufuc_bsp//libhal_bsp.a(alt_irq_vars.o)
 .data          0x01014554        0x0 ../cufuc_bsp//libhal_bsp.a(alt_tick.o)
 .data          0x01014554        0x0 ../cufuc_bsp//libhal_bsp.a(altera_nios2_qsys_irq.o)
 .data          0x01014554        0x0 ../cufuc_bsp//libhal_bsp.a(alt_exception_entry.o)
 .data          0x01014554        0x0 ../cufuc_bsp//libhal_bsp.a(alt_icache_flush.o)
 .data          0x01014554        0x0 /opt/altera/12.1sp1/nios2eds/bin/gnu/H-i686-pc-linux-gnu/bin/../lib/gcc/nios2-elf/4.1.2/../../../../nios2-elf/lib/mno-hw-mul/libc.a(lib_a-memcmp.o)
                0x0101c554                _gp = ABSOLUTE ((. + 0x8000))
                0x0101c554                PROVIDE (gp, _gp)
 *(.rwdata .rwdata.*)
 *(.sdata .sdata.* .gnu.linkonce.s.*)
 .sdata         0x01014554        0x8 /opt/altera/12.1sp1/nios2eds/bin/gnu/H-i686-pc-linux-gnu/bin/../lib/gcc/nios2-elf/4.1.2/../../../../nios2-elf/lib/mno-hw-mul/libc.a(lib_a-impure.o)
                0x01014554                _impure_ptr
                0x01014558                _global_impure_ptr
 .sdata         0x0101455c        0x8 /opt/altera/12.1sp1/nios2eds/bin/gnu/H-i686-pc-linux-gnu/bin/../lib/gcc/nios2-elf/4.1.2/../../../../nios2-elf/lib/mno-hw-mul/libc.a(lib_a-mallocr.o)
                0x0101455c                __malloc_trim_threshold
                0x01014560                __malloc_sbrk_base
 .sdata         0x01014564        0x4 /opt/altera/12.1sp1/nios2eds/bin/gnu/H-i686-pc-linux-gnu/bin/../lib/gcc/nios2-elf/4.1.2/../../../../nios2-elf/lib/mno-hw-mul/libc.a(lib_a-ctype_.o)
                0x01014564                __ctype_ptr
 .sdata         0x01014568        0x8 /opt/altera/12.1sp1/nios2eds/bin/gnu/H-i686-pc-linux-gnu/bin/../lib/gcc/nios2-elf/4.1.2/../../../../nios2-elf/lib/mno-hw-mul/libc.a(lib_a-locale.o)
                0x01014568                __mb_cur_max
 .sdata         0x01014570       0x14 ../cufuc_bsp//libhal_bsp.a(alt_dev.o)
                0x01014570                alt_fs_list
                0x01014578                alt_dev_list
                0x01014580                alt_max_fd
 .sdata         0x01014584        0x4 ../cufuc_bsp//libhal_bsp.a(alt_errno.o)
                0x01014584                alt_errno
 .sdata         0x01014588        0x4 ../cufuc_bsp//libhal_bsp.a(alt_sbrk.o)
 .sdata         0x0101458c       0x48 ../cufuc_bsp//libhal_bsp.a(altera_hostfs.o)
 .sdata         0x010145d4        0x4 ../cufuc_bsp//libhal_bsp.a(alt_irq_vars.o)
                0x010145d4                alt_priority_mask
 .sdata         0x010145d8        0x8 ../cufuc_bsp//libhal_bsp.a(alt_tick.o)
                0x010145d8                alt_alarm_list
 *(.sdata2 .sdata2.* .gnu.linkonce.s2.*)
                0x010145e0                . = ALIGN (0x4)
                0x010145e0                _edata = ABSOLUTE (.)
                0x010145e0                PROVIDE (edata, ABSOLUTE (.))
                0x010145e0                PROVIDE (__ram_rwdata_end, ABSOLUTE (.))
                0x010145e0                PROVIDE (__flash_rwdata_start, LOADADDR (.rwdata))

.bss            0x010150a4      0x264
                0x010150a4                __bss_start = ABSOLUTE (.)
                0x010150a4                PROVIDE (__sbss_start, ABSOLUTE (.))
                0x010150a4                PROVIDE (___sbss_start, ABSOLUTE (.))
 *(.dynsbss)
 *(.sbss .sbss.* .gnu.linkonce.sb.*)
 .sbss          0x010150a4        0x4 /opt/altera/12.1sp1/nios2eds/bin/gnu/H-i686-pc-linux-gnu/bin/../lib/gcc/nios2-elf/4.1.2/../../../../nios2-elf/lib/mno-hw-mul/libc.a(lib_a-int_errno.o)
                0x010150a4                errno
 .sbss          0x010150a8        0xc /opt/altera/12.1sp1/nios2eds/bin/gnu/H-i686-pc-linux-gnu/bin/../lib/gcc/nios2-elf/4.1.2/../../../../nios2-elf/lib/mno-hw-mul/libc.a(lib_a-mallocr.o)
                0x010150a8                __malloc_top_pad
                0x010150ac                __malloc_max_sbrked_mem
                0x010150b0                __malloc_max_total_mem
 .sbss          0x010150b4        0xc /opt/altera/12.1sp1/nios2eds/bin/gnu/H-i686-pc-linux-gnu/bin/../lib/gcc/nios2-elf/4.1.2/../../../../nios2-elf/lib/mno-hw-mul/libc.a(lib_a-locale.o)
                0x010150b4                __nlocale_changed
                0x010150b8                __mlocale_changed
                0x010150bc                _PathLocale
 .sbss          0x010150c0        0xc ../cufuc_bsp//libhal_bsp.a(alt_main.o)
                0x010150c0                alt_argc
                0x010150c4                alt_argv
                0x010150c8                alt_envp
 .sbss          0x010150cc        0x8 ../cufuc_bsp//libhal_bsp.a(altera_avalon_timer_vars.o)
                0x010150cc                altera_avalon_timer_ts_base
                0x010150d0                altera_avalon_timer_ts_freq
 .sbss          0x010150d4        0x4 ../cufuc_bsp//libhal_bsp.a(alt_irq_vars.o)
                0x010150d4                alt_irq_active
 .sbss          0x010150d8        0x8 ../cufuc_bsp//libhal_bsp.a(alt_tick.o)
                0x010150d8                _alt_tick_rate
                0x010150dc                _alt_nticks
 *(.sbss2 .sbss2.* .gnu.linkonce.sb2.*)
 *(.scommon)
                0x010150e0                PROVIDE (__sbss_end, ABSOLUTE (.))
                0x010150e0                PROVIDE (___sbss_end, ABSOLUTE (.))
 *(.dynbss)
 *(.bss .bss.* .gnu.linkonce.b.*)
 .bss           0x010150e0        0x0 ../cufuc_bsp//obj/HAL/src/crt0.o
 .bss           0x010150e0        0x0 obj/default/hello_world.o
 .bss           0x010150e0        0x0 /opt/altera/12.1sp1/nios2eds/bin/gnu/H-i686-pc-linux-gnu/bin/../lib/gcc/nios2-elf/4.1.2/mno-hw-mul/libgcc.a(lib2-divmod.o)
 .bss           0x010150e0        0x0 /opt/altera/12.1sp1/nios2eds/bin/gnu/H-i686-pc-linux-gnu/bin/../lib/gcc/nios2-elf/4.1.2/mno-hw-mul/libgcc.a(lib2-mul.o)
 .bss           0x010150e0        0x0 /opt/altera/12.1sp1/nios2eds/bin/gnu/H-i686-pc-linux-gnu/bin/../lib/gcc/nios2-elf/4.1.2/../../../../nios2-elf/lib/mno-hw-mul/libc.a(lib_a-calloc.o)
 .bss           0x010150e0        0x0 /opt/altera/12.1sp1/nios2eds/bin/gnu/H-i686-pc-linux-gnu/bin/../lib/gcc/nios2-elf/4.1.2/../../../../nios2-elf/lib/mno-hw-mul/libc.a(lib_a-callocr.o)
 .bss           0x010150e0        0x0 /opt/altera/12.1sp1/nios2eds/bin/gnu/H-i686-pc-linux-gnu/bin/../lib/gcc/nios2-elf/4.1.2/../../../../nios2-elf/lib/mno-hw-mul/libc.a(lib_a-exit.o)
 .bss           0x010150e0        0x0 /opt/altera/12.1sp1/nios2eds/bin/gnu/H-i686-pc-linux-gnu/bin/../lib/gcc/nios2-elf/4.1.2/../../../../nios2-elf/lib/mno-hw-mul/libc.a(lib_a-fclose.o)
 .bss           0x010150e0        0x0 /opt/altera/12.1sp1/nios2eds/bin/gnu/H-i686-pc-linux-gnu/bin/../lib/gcc/nios2-elf/4.1.2/../../../../nios2-elf/lib/mno-hw-mul/libc.a(lib_a-fflush.o)
 .bss           0x010150e0        0x0 /opt/altera/12.1sp1/nios2eds/bin/gnu/H-i686-pc-linux-gnu/bin/../lib/gcc/nios2-elf/4.1.2/../../../../nios2-elf/lib/mno-hw-mul/libc.a(lib_a-fgets.o)
 .bss           0x010150e0        0x0 /opt/altera/12.1sp1/nios2eds/bin/gnu/H-i686-pc-linux-gnu/bin/../lib/gcc/nios2-elf/4.1.2/../../../../nios2-elf/lib/mno-hw-mul/libc.a(lib_a-findfp.o)
 .bss           0x010150e0        0x0 /opt/altera/12.1sp1/nios2eds/bin/gnu/H-i686-pc-linux-gnu/bin/../lib/gcc/nios2-elf/4.1.2/../../../../nios2-elf/lib/mno-hw-mul/libc.a(lib_a-fopen.o)
 .bss           0x010150e0        0x0 /opt/altera/12.1sp1/nios2eds/bin/gnu/H-i686-pc-linux-gnu/bin/../lib/gcc/nios2-elf/4.1.2/../../../../nios2-elf/lib/mno-hw-mul/libc.a(lib_a-fprintf.o)
 .bss           0x010150e0        0x0 /opt/altera/12.1sp1/nios2eds/bin/gnu/H-i686-pc-linux-gnu/bin/../lib/gcc/nios2-elf/4.1.2/../../../../nios2-elf/lib/mno-hw-mul/libc.a(lib_a-fread.o)
 .bss           0x010150e0        0x0 /opt/altera/12.1sp1/nios2eds/bin/gnu/H-i686-pc-linux-gnu/bin/../lib/gcc/nios2-elf/4.1.2/../../../../nios2-elf/lib/mno-hw-mul/libc.a(lib_a-freer.o)
 .bss           0x010150e0        0x0 /opt/altera/12.1sp1/nios2eds/bin/gnu/H-i686-pc-linux-gnu/bin/../lib/gcc/nios2-elf/4.1.2/../../../../nios2-elf/lib/mno-hw-mul/libc.a(lib_a-fscanf.o)
 .bss           0x010150e0        0x0 /opt/altera/12.1sp1/nios2eds/bin/gnu/H-i686-pc-linux-gnu/bin/../lib/gcc/nios2-elf/4.1.2/../../../../nios2-elf/lib/mno-hw-mul/libc.a(lib_a-fseek.o)
 .bss           0x010150e0        0x0 /opt/altera/12.1sp1/nios2eds/bin/gnu/H-i686-pc-linux-gnu/bin/../lib/gcc/nios2-elf/4.1.2/../../../../nios2-elf/lib/mno-hw-mul/libc.a(lib_a-fstatr.o)
 .bss           0x010150e0        0x0 /opt/altera/12.1sp1/nios2eds/bin/gnu/H-i686-pc-linux-gnu/bin/../lib/gcc/nios2-elf/4.1.2/../../../../nios2-elf/lib/mno-hw-mul/libc.a(lib_a-fwalk.o)
 .bss           0x010150e0        0x0 /opt/altera/12.1sp1/nios2eds/bin/gnu/H-i686-pc-linux-gnu/bin/../lib/gcc/nios2-elf/4.1.2/../../../../nios2-elf/lib/mno-hw-mul/libc.a(lib_a-fwrite.o)
 .bss           0x010150e0        0x0 /opt/altera/12.1sp1/nios2eds/bin/gnu/H-i686-pc-linux-gnu/bin/../lib/gcc/nios2-elf/4.1.2/../../../../nios2-elf/lib/mno-hw-mul/libc.a(lib_a-impure.o)
 .bss           0x010150e0        0x0 /opt/altera/12.1sp1/nios2eds/bin/gnu/H-i686-pc-linux-gnu/bin/../lib/gcc/nios2-elf/4.1.2/../../../../nios2-elf/lib/mno-hw-mul/libc.a(lib_a-int_errno.o)
 .bss           0x010150e0        0x0 /opt/altera/12.1sp1/nios2eds/bin/gnu/H-i686-pc-linux-gnu/bin/../lib/gcc/nios2-elf/4.1.2/../../../../nios2-elf/lib/mno-hw-mul/libc.a(lib_a-makebuf.o)
 .bss           0x010150e0        0x0 /opt/altera/12.1sp1/nios2eds/bin/gnu/H-i686-pc-linux-gnu/bin/../lib/gcc/nios2-elf/4.1.2/../../../../nios2-elf/lib/mno-hw-mul/libc.a(lib_a-malloc.o)
 .bss           0x010150e0       0x28 /opt/altera/12.1sp1/nios2eds/bin/gnu/H-i686-pc-linux-gnu/bin/../lib/gcc/nios2-elf/4.1.2/../../../../nios2-elf/lib/mno-hw-mul/libc.a(lib_a-mallocr.o)
                0x010150e0                __malloc_current_mallinfo
 .bss           0x01015108        0x0 /opt/altera/12.1sp1/nios2eds/bin/gnu/H-i686-pc-linux-gnu/bin/../lib/gcc/nios2-elf/4.1.2/../../../../nios2-elf/lib/mno-hw-mul/libc.a(lib_a-memchr.o)
 .bss           0x01015108        0x0 /opt/altera/12.1sp1/nios2eds/bin/gnu/H-i686-pc-linux-gnu/bin/../lib/gcc/nios2-elf/4.1.2/../../../../nios2-elf/lib/mno-hw-mul/libc.a(lib_a-memcpy.o)
 .bss           0x01015108        0x0 /opt/altera/12.1sp1/nios2eds/bin/gnu/H-i686-pc-linux-gnu/bin/../lib/gcc/nios2-elf/4.1.2/../../../../nios2-elf/lib/mno-hw-mul/libc.a(lib_a-memset.o)
 .bss           0x01015108        0x0 /opt/altera/12.1sp1/nios2eds/bin/gnu/H-i686-pc-linux-gnu/bin/../lib/gcc/nios2-elf/4.1.2/../../../../nios2-elf/lib/mno-hw-mul/libc.a(lib_a-openr.o)
 .bss           0x01015108        0x0 /opt/altera/12.1sp1/nios2eds/bin/gnu/H-i686-pc-linux-gnu/bin/../lib/gcc/nios2-elf/4.1.2/../../../../nios2-elf/lib/mno-hw-mul/libc.a(lib_a-printf.o)
 .bss           0x01015108        0x0 /opt/altera/12.1sp1/nios2eds/bin/gnu/H-i686-pc-linux-gnu/bin/../lib/gcc/nios2-elf/4.1.2/../../../../nios2-elf/lib/mno-hw-mul/libc.a(lib_a-puts.o)
 .bss           0x01015108        0x0 /opt/altera/12.1sp1/nios2eds/bin/gnu/H-i686-pc-linux-gnu/bin/../lib/gcc/nios2-elf/4.1.2/../../../../nios2-elf/lib/mno-hw-mul/libc.a(lib_a-refill.o)
 .bss           0x01015108        0x0 /opt/altera/12.1sp1/nios2eds/bin/gnu/H-i686-pc-linux-gnu/bin/../lib/gcc/nios2-elf/4.1.2/../../../../nios2-elf/lib/mno-hw-mul/libc.a(lib_a-sbrkr.o)
 .bss           0x01015108        0x0 /opt/altera/12.1sp1/nios2eds/bin/gnu/H-i686-pc-linux-gnu/bin/../lib/gcc/nios2-elf/4.1.2/../../../../nios2-elf/lib/mno-hw-mul/libc.a(lib_a-sscanf.o)
 .bss           0x01015108        0x0 /opt/altera/12.1sp1/nios2eds/bin/gnu/H-i686-pc-linux-gnu/bin/../lib/gcc/nios2-elf/4.1.2/../../../../nios2-elf/lib/mno-hw-mul/libc.a(lib_a-stdio.o)
 .bss           0x01015108        0x0 /opt/altera/12.1sp1/nios2eds/bin/gnu/H-i686-pc-linux-gnu/bin/../lib/gcc/nios2-elf/4.1.2/../../../../nios2-elf/lib/mno-hw-mul/libc.a(lib_a-strlen.o)
 .bss           0x01015108        0x0 /opt/altera/12.1sp1/nios2eds/bin/gnu/H-i686-pc-linux-gnu/bin/../lib/gcc/nios2-elf/4.1.2/../../../../nios2-elf/lib/mno-hw-mul/libc.a(lib_a-strncmp.o)
 .bss           0x01015108        0x0 /opt/altera/12.1sp1/nios2eds/bin/gnu/H-i686-pc-linux-gnu/bin/../lib/gcc/nios2-elf/4.1.2/../../../../nios2-elf/lib/mno-hw-mul/libc.a(lib_a-vfprintf.o)
 .bss           0x01015108        0x0 /opt/altera/12.1sp1/nios2eds/bin/gnu/H-i686-pc-linux-gnu/bin/../lib/gcc/nios2-elf/4.1.2/../../../../nios2-elf/lib/mno-hw-mul/libc.a(lib_a-vfscanf.o)
 .bss           0x01015108        0x0 /opt/altera/12.1sp1/nios2eds/bin/gnu/H-i686-pc-linux-gnu/bin/../lib/gcc/nios2-elf/4.1.2/../../../../nios2-elf/lib/mno-hw-mul/libc.a(lib_a-writer.o)
 .bss           0x01015108        0x0 /opt/altera/12.1sp1/nios2eds/bin/gnu/H-i686-pc-linux-gnu/bin/../lib/gcc/nios2-elf/4.1.2/../../../../nios2-elf/lib/mno-hw-mul/libc.a(lib_a-wsetup.o)
 .bss           0x01015108        0x0 /opt/altera/12.1sp1/nios2eds/bin/gnu/H-i686-pc-linux-gnu/bin/../lib/gcc/nios2-elf/4.1.2/../../../../nios2-elf/lib/mno-hw-mul/libc.a(lib_a-__call_atexit.o)
 .bss           0x01015108        0x0 /opt/altera/12.1sp1/nios2eds/bin/gnu/H-i686-pc-linux-gnu/bin/../lib/gcc/nios2-elf/4.1.2/../../../../nios2-elf/lib/mno-hw-mul/libc.a(lib_a-closer.o)
 .bss           0x01015108        0x0 /opt/altera/12.1sp1/nios2eds/bin/gnu/H-i686-pc-linux-gnu/bin/../lib/gcc/nios2-elf/4.1.2/../../../../nios2-elf/lib/mno-hw-mul/libc.a(lib_a-ctype_.o)
 .bss           0x01015108        0x0 /opt/altera/12.1sp1/nios2eds/bin/gnu/H-i686-pc-linux-gnu/bin/../lib/gcc/nios2-elf/4.1.2/../../../../nios2-elf/lib/mno-hw-mul/libc.a(lib_a-dtoa.o)
 .bss           0x01015108        0x0 /opt/altera/12.1sp1/nios2eds/bin/gnu/H-i686-pc-linux-gnu/bin/../lib/gcc/nios2-elf/4.1.2/../../../../nios2-elf/lib/mno-hw-mul/libc.a(lib_a-flags.o)
 .bss           0x01015108        0x0 /opt/altera/12.1sp1/nios2eds/bin/gnu/H-i686-pc-linux-gnu/bin/../lib/gcc/nios2-elf/4.1.2/../../../../nios2-elf/lib/mno-hw-mul/libc.a(lib_a-fvwrite.o)
 .bss           0x01015108        0x0 /opt/altera/12.1sp1/nios2eds/bin/gnu/H-i686-pc-linux-gnu/bin/../lib/gcc/nios2-elf/4.1.2/../../../../nios2-elf/lib/mno-hw-mul/libc.a(lib_a-isattyr.o)
 .bss           0x01015108        0x0 /opt/altera/12.1sp1/nios2eds/bin/gnu/H-i686-pc-linux-gnu/bin/../lib/gcc/nios2-elf/4.1.2/../../../../nios2-elf/lib/mno-hw-mul/libc.a(lib_a-iswspace.o)
 .bss           0x01015108        0x0 /opt/altera/12.1sp1/nios2eds/bin/gnu/H-i686-pc-linux-gnu/bin/../lib/gcc/nios2-elf/4.1.2/../../../../nios2-elf/lib/mno-hw-mul/libc.a(lib_a-locale.o)
 .bss           0x01015108        0x0 /opt/altera/12.1sp1/nios2eds/bin/gnu/H-i686-pc-linux-gnu/bin/../lib/gcc/nios2-elf/4.1.2/../../../../nios2-elf/lib/mno-hw-mul/libc.a(lib_a-lseekr.o)
 .bss           0x01015108        0x0 /opt/altera/12.1sp1/nios2eds/bin/gnu/H-i686-pc-linux-gnu/bin/../lib/gcc/nios2-elf/4.1.2/../../../../nios2-elf/lib/mno-hw-mul/libc.a(lib_a-mbrtowc.o)
 .bss           0x01015108        0x0 /opt/altera/12.1sp1/nios2eds/bin/gnu/H-i686-pc-linux-gnu/bin/../lib/gcc/nios2-elf/4.1.2/../../../../nios2-elf/lib/mno-hw-mul/libc.a(lib_a-mbtowc_r.o)
 .bss           0x01015108        0x0 /opt/altera/12.1sp1/nios2eds/bin/gnu/H-i686-pc-linux-gnu/bin/../lib/gcc/nios2-elf/4.1.2/../../../../nios2-elf/lib/mno-hw-mul/libc.a(lib_a-memmove.o)
 .bss           0x01015108        0x0 /opt/altera/12.1sp1/nios2eds/bin/gnu/H-i686-pc-linux-gnu/bin/../lib/gcc/nios2-elf/4.1.2/../../../../nios2-elf/lib/mno-hw-mul/libc.a(lib_a-mprec.o)
 .bss           0x01015108        0x0 /opt/altera/12.1sp1/nios2eds/bin/gnu/H-i686-pc-linux-gnu/bin/../lib/gcc/nios2-elf/4.1.2/../../../../nios2-elf/lib/mno-hw-mul/libc.a(lib_a-readr.o)
 .bss           0x01015108        0x0 /opt/altera/12.1sp1/nios2eds/bin/gnu/H-i686-pc-linux-gnu/bin/../lib/gcc/nios2-elf/4.1.2/../../../../nios2-elf/lib/mno-hw-mul/libc.a(lib_a-reallocr.o)
 .bss           0x01015108        0x0 /opt/altera/12.1sp1/nios2eds/bin/gnu/H-i686-pc-linux-gnu/bin/../lib/gcc/nios2-elf/4.1.2/../../../../nios2-elf/lib/mno-hw-mul/libc.a(lib_a-s_isinfd.o)
 .bss           0x01015108        0x0 /opt/altera/12.1sp1/nios2eds/bin/gnu/H-i686-pc-linux-gnu/bin/../lib/gcc/nios2-elf/4.1.2/../../../../nios2-elf/lib/mno-hw-mul/libc.a(lib_a-s_isnand.o)
 .bss           0x01015108        0x0 /opt/altera/12.1sp1/nios2eds/bin/gnu/H-i686-pc-linux-gnu/bin/../lib/gcc/nios2-elf/4.1.2/../../../../nios2-elf/lib/mno-hw-mul/libc.a(lib_a-sccl.o)
 .bss           0x01015108        0x0 /opt/altera/12.1sp1/nios2eds/bin/gnu/H-i686-pc-linux-gnu/bin/../lib/gcc/nios2-elf/4.1.2/../../../../nios2-elf/lib/mno-hw-mul/libc.a(lib_a-sf_nan.o)
 .bss           0x01015108        0x0 /opt/altera/12.1sp1/nios2eds/bin/gnu/H-i686-pc-linux-gnu/bin/../lib/gcc/nios2-elf/4.1.2/../../../../nios2-elf/lib/mno-hw-mul/libc.a(lib_a-sprintf.o)
 .bss           0x01015108        0x0 /opt/altera/12.1sp1/nios2eds/bin/gnu/H-i686-pc-linux-gnu/bin/../lib/gcc/nios2-elf/4.1.2/../../../../nios2-elf/lib/mno-hw-mul/libc.a(lib_a-strcmp.o)
 .bss           0x01015108        0x0 /opt/altera/12.1sp1/nios2eds/bin/gnu/H-i686-pc-linux-gnu/bin/../lib/gcc/nios2-elf/4.1.2/../../../../nios2-elf/lib/mno-hw-mul/libc.a(lib_a-strtod.o)
 .bss           0x01015108        0x0 /opt/altera/12.1sp1/nios2eds/bin/gnu/H-i686-pc-linux-gnu/bin/../lib/gcc/nios2-elf/4.1.2/../../../../nios2-elf/lib/mno-hw-mul/libc.a(lib_a-strtol.o)
 .bss           0x01015108        0x0 /opt/altera/12.1sp1/nios2eds/bin/gnu/H-i686-pc-linux-gnu/bin/../lib/gcc/nios2-elf/4.1.2/../../../../nios2-elf/lib/mno-hw-mul/libc.a(lib_a-strtoll_r.o)
 .bss           0x01015108        0x0 /opt/altera/12.1sp1/nios2eds/bin/gnu/H-i686-pc-linux-gnu/bin/../lib/gcc/nios2-elf/4.1.2/../../../../nios2-elf/lib/mno-hw-mul/libc.a(lib_a-strtoul.o)
 .bss           0x01015108        0x0 /opt/altera/12.1sp1/nios2eds/bin/gnu/H-i686-pc-linux-gnu/bin/../lib/gcc/nios2-elf/4.1.2/../../../../nios2-elf/lib/mno-hw-mul/libc.a(lib_a-strtoull_r.o)
 .bss           0x01015108        0x0 /opt/altera/12.1sp1/nios2eds/bin/gnu/H-i686-pc-linux-gnu/bin/../lib/gcc/nios2-elf/4.1.2/../../../../nios2-elf/lib/mno-hw-mul/libc.a(lib_a-ungetc.o)
 .bss           0x01015108        0x0 /opt/altera/12.1sp1/nios2eds/bin/gnu/H-i686-pc-linux-gnu/bin/../lib/gcc/nios2-elf/4.1.2/../../../../nios2-elf/lib/mno-hw-mul/libc.a(lib_a-gdtoa-gethex.o)
 .bss           0x01015108        0x0 /opt/altera/12.1sp1/nios2eds/bin/gnu/H-i686-pc-linux-gnu/bin/../lib/gcc/nios2-elf/4.1.2/../../../../nios2-elf/lib/mno-hw-mul/libc.a(lib_a-gdtoa-hexnan.o)
 .bss           0x01015108        0x0 /opt/altera/12.1sp1/nios2eds/bin/gnu/H-i686-pc-linux-gnu/bin/../lib/gcc/nios2-elf/4.1.2/mno-hw-mul/libgcc.a(_muldi3.o)
 .bss           0x01015108        0x0 /opt/altera/12.1sp1/nios2eds/bin/gnu/H-i686-pc-linux-gnu/bin/../lib/gcc/nios2-elf/4.1.2/mno-hw-mul/libgcc.a(_fixunsdfsi.o)
 .bss           0x01015108        0x0 /opt/altera/12.1sp1/nios2eds/bin/gnu/H-i686-pc-linux-gnu/bin/../lib/gcc/nios2-elf/4.1.2/mno-hw-mul/libgcc.a(_udivdi3.o)
 .bss           0x01015108        0x0 /opt/altera/12.1sp1/nios2eds/bin/gnu/H-i686-pc-linux-gnu/bin/../lib/gcc/nios2-elf/4.1.2/mno-hw-mul/libgcc.a(_umoddi3.o)
 .bss           0x01015108        0x0 /opt/altera/12.1sp1/nios2eds/bin/gnu/H-i686-pc-linux-gnu/bin/../lib/gcc/nios2-elf/4.1.2/mno-hw-mul/libgcc.a(_ne_sf.o)
 .bss           0x01015108        0x0 /opt/altera/12.1sp1/nios2eds/bin/gnu/H-i686-pc-linux-gnu/bin/../lib/gcc/nios2-elf/4.1.2/mno-hw-mul/libgcc.a(_gt_sf.o)
 .bss           0x01015108        0x0 /opt/altera/12.1sp1/nios2eds/bin/gnu/H-i686-pc-linux-gnu/bin/../lib/gcc/nios2-elf/4.1.2/mno-hw-mul/libgcc.a(_lt_sf.o)
 .bss           0x01015108        0x0 /opt/altera/12.1sp1/nios2eds/bin/gnu/H-i686-pc-linux-gnu/bin/../lib/gcc/nios2-elf/4.1.2/mno-hw-mul/libgcc.a(_addsub_df.o)
 .bss           0x01015108        0x0 /opt/altera/12.1sp1/nios2eds/bin/gnu/H-i686-pc-linux-gnu/bin/../lib/gcc/nios2-elf/4.1.2/mno-hw-mul/libgcc.a(_mul_df.o)
 .bss           0x01015108        0x0 /opt/altera/12.1sp1/nios2eds/bin/gnu/H-i686-pc-linux-gnu/bin/../lib/gcc/nios2-elf/4.1.2/mno-hw-mul/libgcc.a(_div_df.o)
 .bss           0x01015108        0x0 /opt/altera/12.1sp1/nios2eds/bin/gnu/H-i686-pc-linux-gnu/bin/../lib/gcc/nios2-elf/4.1.2/mno-hw-mul/libgcc.a(_eq_df.o)
 .bss           0x01015108        0x0 /opt/altera/12.1sp1/nios2eds/bin/gnu/H-i686-pc-linux-gnu/bin/../lib/gcc/nios2-elf/4.1.2/mno-hw-mul/libgcc.a(_ne_df.o)
 .bss           0x01015108        0x0 /opt/altera/12.1sp1/nios2eds/bin/gnu/H-i686-pc-linux-gnu/bin/../lib/gcc/nios2-elf/4.1.2/mno-hw-mul/libgcc.a(_gt_df.o)
 .bss           0x01015108        0x0 /opt/altera/12.1sp1/nios2eds/bin/gnu/H-i686-pc-linux-gnu/bin/../lib/gcc/nios2-elf/4.1.2/mno-hw-mul/libgcc.a(_ge_df.o)
 .bss           0x01015108        0x0 /opt/altera/12.1sp1/nios2eds/bin/gnu/H-i686-pc-linux-gnu/bin/../lib/gcc/nios2-elf/4.1.2/mno-hw-mul/libgcc.a(_lt_df.o)
 .bss           0x01015108        0x0 /opt/altera/12.1sp1/nios2eds/bin/gnu/H-i686-pc-linux-gnu/bin/../lib/gcc/nios2-elf/4.1.2/mno-hw-mul/libgcc.a(_le_df.o)
 .bss           0x01015108        0x0 /opt/altera/12.1sp1/nios2eds/bin/gnu/H-i686-pc-linux-gnu/bin/../lib/gcc/nios2-elf/4.1.2/mno-hw-mul/libgcc.a(_si_to_df.o)
 .bss           0x01015108        0x0 /opt/altera/12.1sp1/nios2eds/bin/gnu/H-i686-pc-linux-gnu/bin/../lib/gcc/nios2-elf/4.1.2/mno-hw-mul/libgcc.a(_df_to_si.o)
 .bss           0x01015108        0x0 /opt/altera/12.1sp1/nios2eds/bin/gnu/H-i686-pc-linux-gnu/bin/../lib/gcc/nios2-elf/4.1.2/mno-hw-mul/libgcc.a(_df_to_sf.o)
 .bss           0x01015108        0x0 /opt/altera/12.1sp1/nios2eds/bin/gnu/H-i686-pc-linux-gnu/bin/../lib/gcc/nios2-elf/4.1.2/mno-hw-mul/libgcc.a(_thenan_df.o)
 .bss           0x01015108        0x0 /opt/altera/12.1sp1/nios2eds/bin/gnu/H-i686-pc-linux-gnu/bin/../lib/gcc/nios2-elf/4.1.2/mno-hw-mul/libgcc.a(_usi_to_df.o)
 .bss           0x01015108        0x0 /opt/altera/12.1sp1/nios2eds/bin/gnu/H-i686-pc-linux-gnu/bin/../lib/gcc/nios2-elf/4.1.2/mno-hw-mul/libgcc.a(_clz.o)
 .bss           0x01015108        0x0 /opt/altera/12.1sp1/nios2eds/bin/gnu/H-i686-pc-linux-gnu/bin/../lib/gcc/nios2-elf/4.1.2/mno-hw-mul/libgcc.a(_clzsi2.o)
 .bss           0x01015108        0x0 /opt/altera/12.1sp1/nios2eds/bin/gnu/H-i686-pc-linux-gnu/bin/../lib/gcc/nios2-elf/4.1.2/mno-hw-mul/libgcc.a(_unpack_sf.o)
 .bss           0x01015108        0x0 /opt/altera/12.1sp1/nios2eds/bin/gnu/H-i686-pc-linux-gnu/bin/../lib/gcc/nios2-elf/4.1.2/mno-hw-mul/libgcc.a(_fpcmp_parts_sf.o)
 .bss           0x01015108        0x0 /opt/altera/12.1sp1/nios2eds/bin/gnu/H-i686-pc-linux-gnu/bin/../lib/gcc/nios2-elf/4.1.2/mno-hw-mul/libgcc.a(_make_sf.o)
 .bss           0x01015108        0x0 /opt/altera/12.1sp1/nios2eds/bin/gnu/H-i686-pc-linux-gnu/bin/../lib/gcc/nios2-elf/4.1.2/mno-hw-mul/libgcc.a(_pack_df.o)
 .bss           0x01015108        0x0 /opt/altera/12.1sp1/nios2eds/bin/gnu/H-i686-pc-linux-gnu/bin/../lib/gcc/nios2-elf/4.1.2/mno-hw-mul/libgcc.a(_unpack_df.o)
 .bss           0x01015108        0x0 /opt/altera/12.1sp1/nios2eds/bin/gnu/H-i686-pc-linux-gnu/bin/../lib/gcc/nios2-elf/4.1.2/mno-hw-mul/libgcc.a(_fpcmp_parts_df.o)
 .bss           0x01015108        0x0 /opt/altera/12.1sp1/nios2eds/bin/gnu/H-i686-pc-linux-gnu/bin/../lib/gcc/nios2-elf/4.1.2/mno-hw-mul/libgcc.a(_pack_sf.o)
 .bss           0x01015108        0x0 ../cufuc_bsp//libhal_bsp.a(alt_close.o)
 .bss           0x01015108        0x0 ../cufuc_bsp//libhal_bsp.a(alt_dev.o)
 .bss           0x01015108        0x0 ../cufuc_bsp//libhal_bsp.a(alt_errno.o)
 .bss           0x01015108        0x0 ../cufuc_bsp//libhal_bsp.a(alt_exit.o)
 .bss           0x01015108        0x0 ../cufuc_bsp//libhal_bsp.a(alt_fstat.o)
 .bss           0x01015108        0x0 ../cufuc_bsp//libhal_bsp.a(alt_isatty.o)
 .bss           0x01015108        0x0 ../cufuc_bsp//libhal_bsp.a(alt_load.o)
 .bss           0x01015108        0x0 ../cufuc_bsp//libhal_bsp.a(alt_lseek.o)
 .bss           0x01015108        0x0 ../cufuc_bsp//libhal_bsp.a(alt_main.o)
 .bss           0x01015108        0x0 ../cufuc_bsp//libhal_bsp.a(alt_malloc_lock.o)
 .bss           0x01015108        0x0 ../cufuc_bsp//libhal_bsp.a(alt_open.o)
 .bss           0x01015108        0x0 ../cufuc_bsp//libhal_bsp.a(alt_read.o)
 .bss           0x01015108        0x0 ../cufuc_bsp//libhal_bsp.a(alt_release_fd.o)
 .bss           0x01015108        0x0 ../cufuc_bsp//libhal_bsp.a(alt_sbrk.o)
 .bss           0x01015108        0x0 ../cufuc_bsp//libhal_bsp.a(alt_write.o)
 .bss           0x01015108        0x0 ../cufuc_bsp//libhal_bsp.a(alt_sys_init.o)
 .bss           0x01015108        0x0 ../cufuc_bsp//libhal_bsp.a(altera_avalon_jtag_uart_fd.o)
 .bss           0x01015108        0x0 ../cufuc_bsp//libhal_bsp.a(altera_avalon_jtag_uart_read.o)
 .bss           0x01015108        0x0 ../cufuc_bsp//libhal_bsp.a(altera_avalon_jtag_uart_write.o)
 .bss           0x01015108        0x0 ../cufuc_bsp//libhal_bsp.a(altera_avalon_timer_sc.o)
 .bss           0x01015108        0x0 ../cufuc_bsp//libhal_bsp.a(altera_avalon_timer_ts.o)
 .bss           0x01015108        0x0 ../cufuc_bsp//libhal_bsp.a(altera_avalon_timer_vars.o)
 .bss           0x01015108        0x0 ../cufuc_bsp//libhal_bsp.a(altera_hostfs.o)
 .bss           0x01015108        0x0 ../cufuc_bsp//libhal_bsp.a(alt_dcache_flush_all.o)
 .bss           0x01015108        0x0 ../cufuc_bsp//libhal_bsp.a(alt_dev_llist_insert.o)
 .bss           0x01015108        0x0 ../cufuc_bsp//libhal_bsp.a(alt_find_dev.o)
 .bss           0x01015108        0x0 ../cufuc_bsp//libhal_bsp.a(alt_find_file.o)
 .bss           0x01015108        0x0 ../cufuc_bsp//libhal_bsp.a(alt_fs_reg.o)
 .bss           0x01015108        0x0 ../cufuc_bsp//libhal_bsp.a(alt_get_fd.o)
 .bss           0x01015108        0x0 ../cufuc_bsp//libhal_bsp.a(alt_icache_flush_all.o)
 .bss           0x01015108        0x0 ../cufuc_bsp//libhal_bsp.a(alt_iic.o)
 .bss           0x01015108        0x0 ../cufuc_bsp//libhal_bsp.a(alt_iic_isr_register.o)
 .bss           0x01015108        0x0 ../cufuc_bsp//libhal_bsp.a(alt_io_redirect.o)
 .bss           0x01015108        0x0 ../cufuc_bsp//libhal_bsp.a(alt_irq_entry.o)
 .bss           0x01015108        0x0 ../cufuc_bsp//libhal_bsp.a(alt_irq_handler.o)
 .bss           0x01015108        0x0 ../cufuc_bsp//libhal_bsp.a(alt_irq_vars.o)
 .bss           0x01015108        0x0 ../cufuc_bsp//libhal_bsp.a(alt_tick.o)
 .bss           0x01015108        0x0 ../cufuc_bsp//libhal_bsp.a(altera_nios2_qsys_irq.o)
 .bss           0x01015108        0x0 ../cufuc_bsp//libhal_bsp.a(alt_exception_entry.o)
 .bss           0x01015108        0x0 ../cufuc_bsp//libhal_bsp.a(alt_icache_flush.o)
 .bss           0x01015108        0x0 /opt/altera/12.1sp1/nios2eds/bin/gnu/H-i686-pc-linux-gnu/bin/../lib/gcc/nios2-elf/4.1.2/../../../../nios2-elf/lib/mno-hw-mul/libc.a(lib_a-memcmp.o)
 *(COMMON)
 COMMON         0x01015108      0x100 /opt/altera/12.1sp1/nios2eds/bin/gnu/H-i686-pc-linux-gnu/bin/../lib/gcc/nios2-elf/4.1.2/../../../../nios2-elf/lib/mno-hw-mul/libc.a(lib_a-gdtoa-gethex.o)
                0x01015108                __hexdig
 COMMON         0x01015208      0x100 ../cufuc_bsp//libhal_bsp.a(alt_irq_handler.o)
                0x01015208                alt_irq
                0x01015308                . = ALIGN (0x4)
                0x01015308                __bss_end = ABSOLUTE (.)

.onchip_mem     0x000001b4        0x0 load address 0x01015308
                0x000001b4                PROVIDE (_alt_partition_onchip_mem_start, ABSOLUTE (.))
 *(.onchip_mem. onchip_mem.*)
                0x000001b4                . = ALIGN (0x4)
                0x000001b4                PROVIDE (_alt_partition_onchip_mem_end, ABSOLUTE (.))
                0x01015308                PROVIDE (_alt_partition_onchip_mem_load_addr, LOADADDR (.onchip_mem))

.sram           0x00100000        0x0 load address 0x01015308
                0x00100000                PROVIDE (_alt_partition_sram_start, ABSOLUTE (.))
 *(.sram. sram.*)
                0x00100000                . = ALIGN (0x4)
                0x00100000                PROVIDE (_alt_partition_sram_end, ABSOLUTE (.))
                0x01015308                PROVIDE (_alt_partition_sram_load_addr, LOADADDR (.sram))

.sdram          0x01015308        0x0
                0x01015308                PROVIDE (_alt_partition_sdram_start, ABSOLUTE (.))
 *(.sdram. sdram.*)
                0x01015308                . = ALIGN (0x4)
                0x01015308                PROVIDE (_alt_partition_sdram_end, ABSOLUTE (.))
                0x01015308                _end = ABSOLUTE (.)
                0x01015308                end = ABSOLUTE (.)
                0x01015308                __alt_stack_base = ABSOLUTE (.)
                0x01015308                PROVIDE (_alt_partition_sdram_load_addr, LOADADDR (.sdram))

.stab
 *(.stab)

.stabstr
 *(.stabstr)

.stab.excl
 *(.stab.excl)

.stab.exclstr
 *(.stab.exclstr)

.stab.index
 *(.stab.index)

.stab.indexstr
 *(.stab.indexstr)

.comment        0x00000000       0x26
 *(.comment)